Archive member included to satisfy reference by file (symbol)

D:/devkitPro/libnds/lib\libnflib.a(nf_2d.o)
                              main.o (NF_Set2D)
D:/devkitPro/libnds/lib\libnflib.a(nf_basic.o)
                              D:/devkitPro/libnds/lib\libnflib.a(nf_2d.o) (NF_Error)
D:/devkitPro/libnds/lib\libnflib.a(nf_sprite256.o)
                              main.o (NF_InitSpriteBuffers)
D:/devkitPro/libnds/lib\libnflib.a(nf_tiledbg.o)
                              main.o (NF_InitTiledBgBuffers)
D:/devkitPro/libnds/lib\libfilesystem.a(nitrofs.o)
                              D:/devkitPro/libnds/lib\libnflib.a(nf_basic.o) (nitroFSInit)
D:/devkitPro/libnds/lib\libfat.a(libfat.o)
                              D:/devkitPro/libnds/lib\libnflib.a(nf_basic.o) (fatInitDefault)
D:/devkitPro/libnds/lib\libfat.a(disc.o)
                              D:/devkitPro/libnds/lib\libfat.a(libfat.o) (_FAT_disc_interfaces)
D:/devkitPro/libnds/lib\libfat.a(fatfile.o)
                              D:/devkitPro/libnds/lib\libfat.a(libfat.o) (_FAT_open_r)
D:/devkitPro/libnds/lib\libfat.a(cache.o)
                              D:/devkitPro/libnds/lib\libfat.a(fatfile.o) (_FAT_cache_readSectors)
D:/devkitPro/libnds/lib\libfat.a(fatdir.o)
                              D:/devkitPro/libnds/lib\libfat.a(libfat.o) (_FAT_stat_r)
D:/devkitPro/libnds/lib\libfat.a(directory.o)
                              D:/devkitPro/libnds/lib\libfat.a(fatfile.o) (_FAT_directory_entryGetCluster)
D:/devkitPro/libnds/lib\libfat.a(partition.o)
                              D:/devkitPro/libnds/lib\libfat.a(libfat.o) (_FAT_partition_destructor)
D:/devkitPro/libnds/lib\libfat.a(lock.o)
                              D:/devkitPro/libnds/lib\libfat.a(partition.o) (_FAT_lock_init)
D:/devkitPro/libnds/lib\libfat.a(filetime.o)
                              D:/devkitPro/libnds/lib\libfat.a(fatfile.o) (_FAT_filetime_getTimeFromRTC)
D:/devkitPro/libnds/lib\libfat.a(file_allocation_table.o)
                              D:/devkitPro/libnds/lib\libfat.a(fatfile.o) (_FAT_fat_nextCluster)
D:/devkitPro/libnds/lib\libgl2d.a(gl2d.o)
                              main.o (glBoxFilled)
D:/devkitPro/libnds/lib\libnds9.a(video.o)
                              D:/devkitPro/libnds/lib\libnflib.a(nf_basic.o) (setBrightness)
D:/devkitPro/libnds/lib\libnds9.a(console.o)
                              main.o (consoleDemoInit)
D:/devkitPro/libnds/lib\libnds9.a(trig.o)
                              D:/devkitPro/libnds/lib\libgl2d.a(gl2d.o) (sinLerp)
D:/devkitPro/libnds/lib\libnds9.a(videoGL.o)
                              D:/devkitPro/libnds/lib\libgl2d.a(gl2d.o) (glMaterialf)
D:/devkitPro/libnds/lib\libnds9.a(sprite.o)
                              D:/devkitPro/libnds/lib\libnflib.a(nf_sprite256.o) (oamInit)
D:/devkitPro/libnds/lib\libnds9.a(keys.o)
                              main.o (scanKeys)
D:/devkitPro/libnds/lib\libnds9.a(dldi.o)
                              D:/devkitPro/libnds/lib\libfat.a(disc.o) (dldiGetInternal)
D:/devkitPro/libnds/lib\libnds9.a(initSystem.o)
                              d:/devkitpro/devkitarm/bin/../lib/gcc/arm-none-eabi/10.2.0/../../../../arm-none-eabi/lib/thumb/ds_arm9_crt0.o (initSystem)
D:/devkitPro/libnds/lib\libnds9.a(timeSupport.o)
                              D:/devkitPro/libnds/lib\libnds9.a(initSystem.o) (__libnds_gtod)
D:/devkitPro/libnds/lib\libnds9.a(securearea.o)
                              d:/devkitpro/devkitarm/bin/../lib/gcc/arm-none-eabi/10.2.0/../../../../arm-none-eabi/lib/thumb/ds_arm9_crt0.o (__secure_area__)
D:/devkitPro/libnds/lib\libnds9.a(interrupts.o)
                              D:/devkitPro/libnds/lib\libnds9.a(initSystem.o) (irqInit)
D:/devkitPro/libnds/lib\libnds9.a(libnds_exit.arm.o)
                              d:/devkitpro/devkitarm/bin/../lib/gcc/arm-none-eabi/10.2.0/../../../../arm-none-eabi/lib/thumb/ds_arm9_crt0.o (__libnds_exit)
D:/devkitPro/libnds/lib\libnds9.a(card.o)
                              D:/devkitPro/libnds/lib\libfilesystem.a(nitrofs.o) (cardParamCommand)
D:/devkitPro/libnds/lib\libnds9.a(fifosystem.o)
                              D:/devkitPro/libnds/lib\libnds9.a(initSystem.o) (fifoSetValue32Handler)
D:/devkitPro/libnds/lib\libnds9.a(dcache.o)
                              D:/devkitPro/libnds/lib\libnflib.a(nf_basic.o) (DC_FlushRange)
D:/devkitPro/libnds/lib\libnds9.a(dldi_stub.o)
                              D:/devkitPro/libnds/lib\libnds9.a(dldi.o) (_io_dldi_stub)
D:/devkitPro/libnds/lib\libnds9.a(mpu_setup.o)
                              d:/devkitpro/devkitarm/bin/../lib/gcc/arm-none-eabi/10.2.0/../../../../arm-none-eabi/lib/thumb/ds_arm9_crt0.o (__libnds_mpu_setup)
D:/devkitPro/libnds/lib\libnds9.a(IntrWait.o)
                              main.o (swiWaitForVBlank)
D:/devkitPro/libnds/lib\libnds9.a(cpu_clock.o)
                              D:/devkitPro/libnds/lib\libnds9.a(initSystem.o) (setCpuClock)
D:/devkitPro/libnds/lib\libnds9.a(interruptDispatcher.o)
[...]
Memory Configuration

Name             Origin             Length             Attributes
ewram            0x0000000002000000 0x0000000000380000
dtcm             0x0000000002ff0000 0x0000000000004000
vectors          0x0000000001000000 0x0000000000000100
itcm             0x0000000001000100 0x0000000000007f00
*default*        0x0000000000000000 0xffffffffffffffff

Linker script and memory map

                0x0000000002380000                __ewram_end = (ORIGIN (ewram) + LENGTH (ewram))
                0x0000000002380000                __eheap_end = (ORIGIN (ewram) + LENGTH (ewram))
                0x0000000002ff4000                __dtcm_top = (ORIGIN (dtcm) + LENGTH (dtcm))
                0x0000000002ff3ff8                __irq_flags = (__dtcm_top - 0x8)
                0x0000000002ff3ffc                __irq_vector = (__dtcm_top - 0x4)
                0x0000000002ff3f00                __sp_svc = (__dtcm_top - 0x100)
                0x0000000002ff3e00                __sp_irq = (__sp_svc - 0x100)
                0x0000000002ff3d00                __sp_usr = (__sp_irq - 0x100)

.secure         0x0000000002000000      0x800
 *(.secure)
 .secure        0x0000000002000000      0x800 D:/devkitPro/libnds/lib\libnds9.a(securearea.o)
                0x0000000002000000                __secure_area__

.crt0           0x0000000002000800      0x300
                0x0000000002000800                __text_start = .
 *(.crt0)
 .crt0          0x0000000002000800      0x300 d:/devkitpro/devkitarm/bin/../lib/gcc/arm-none-eabi/10.2.0/../../../../arm-none-eabi/lib/thumb/ds_arm9_crt0.o
                0x0000000002000800                _start
                0x0000000002000b00                . = ALIGN (0x4)

.plt
 *(.plt)

.init           0x0000000002000b00        0xc
 *(SORT_NONE(.init))
 .init          0x0000000002000b00        0x4 d:/devkitpro/devkitarm/bin/../lib/gcc/arm-none-eabi/10.2.0/thumb/crti.o
                0x0000000002000b00                _init
 .init          0x0000000002000b04        0x8 d:/devkitpro/devkitarm/bin/../lib/gcc/arm-none-eabi/10.2.0/thumb/crtn.o

.text           0x0000000002000b40    0x20188
 *(EXCLUDE_FILE(*.twl* *.vectors* *.itcm*) .text)
 .text          0x0000000002000b40      0x830 D:/devkitPro/libnds/lib\libnflib.a(nf_2d.o)
                0x0000000002000b40                NF_Set2D
                0x0000000002000ba4                NF_ShowBg
                0x0000000002000c24                NF_HideBg
                0x0000000002000cc0                NF_ScrollBg
                0x000000000200101c                NF_MoveSprite
                0x000000000200103c                NF_SpriteLayer
                0x0000000002001058                NF_ShowSprite
                0x0000000002001078                NF_HflipSprite
                0x0000000002001094                NF_GetSpriteHflip
                0x00000000020010b0                NF_VflipSprite
                0x00000000020010cc                NF_GetSpriteVflip
                0x00000000020010e8                NF_SpriteFrame
                0x00000000020011b8                NF_EnableSpriteRotScale
                0x0000000002001258                NF_DisableSpriteRotScale
                0x00000000020012cc                NF_SpriteRotScale
 .text          0x0000000002001370      0x498 D:/devkitPro/libnds/lib\libnflib.a(nf_basic.o)
                0x0000000002001370                NF_Error
                0x000000000200161c                NF_SetRootFolder
                0x0000000002001774                NF_DmaMemCopy
                0x00000000020017f8                NF_GetLanguage
 .text          0x0000000002001808     0x1398 D:/devkitPro/libnds/lib\libnflib.a(nf_sprite256.o)
                0x0000000002001808                NF_InitSpriteBuffers
                0x0000000002001864                NF_ResetSpriteBuffers
                0x0000000002001898                NF_InitSpriteSys
                0x0000000002001ab4                NF_LoadSpriteGfx
                0x0000000002001bdc                NF_UnloadSpriteGfx
                0x0000000002001c54                NF_LoadSpritePal
                0x0000000002001d48                NF_UnloadSpritePal
                0x0000000002001da4                NF_VramSpriteGfx
                0x00000000020020cc                NF_VramSpriteGfxDefrag
                0x00000000020022f0                NF_FreeSpriteGfx
                0x00000000020023dc                NF_VramSpritePal
                0x00000000020024c0                NF_CreateSprite
                0x0000000002002830                NF_DeleteSprite
                0x00000000020028c4                NF_SpriteOamSet
                0x0000000002002988                NF_SpriteSetPalColor
                0x0000000002002a20                NF_SpriteEditPalColor
                0x0000000002002a9c                NF_SpriteUpdatePalette
                0x0000000002002b30                NF_SpriteGetPalColor
 .text          0x0000000002002ba0     0x191c D:/devkitPro/libnds/lib\libnflib.a(nf_tiledbg.o)
                0x0000000002002ba0                NF_InitTiledBgBuffers
                0x0000000002002c2c                NF_ResetTiledBgBuffers
                0x0000000002002c88                NF_InitTiledBgSys
                0x0000000002002da8                NF_LoadTiledBg
                0x0000000002003020                NF_LoadTilesForBg
                0x000000000200328c                NF_UnloadTiledBg
                0x000000000200333c                NF_DeleteTiledBg
                0x00000000020034f8                NF_CreateTiledBg
                0x0000000002003ad4                NF_GetTileMapAddress
                0x0000000002003b88                NF_GetTileOfMap
                0x0000000002003bc0                NF_SetTileOfMap
                0x0000000002003c04                NF_UpdateVramMap
                0x0000000002003d18                NF_BgSetPalColor
                0x0000000002003dc4                NF_BgEditPalColor
                0x0000000002003e68                NF_BgUpdatePalette
                0x0000000002003f28                NF_BgGetPalColor
                0x0000000002003fc0                NF_GetTilePal
                0x0000000002003ff4                NF_SetTilePal
                0x0000000002004038                NF_LoadExBgPal
                0x0000000002004120                NF_UnloadExBgPal
                0x0000000002004170                NF_VramExBgPal
                0x0000000002004218                NF_SetExBgPal
                0x00000000020042e8                NF_SetTileHflip
                0x0000000002004320                NF_SetTileVflip
                0x0000000002004358                NF_RotateTileGfx
 *fill*         0x00000000020044bc        0x4 ff
 .text          0x00000000020044c0     0x1768 D:/devkitPro/libnds/lib\libgl2d.a(gl2d.o)
                0x00000000020044c0                SetOrtho
                0x0000000002004664                glScreen2D
                0x0000000002004bd8                glBegin2D
                0x0000000002004c58                glEnd2D
                0x0000000002004c74                glPutPixel
                0x0000000002004cd0                glLine
                0x0000000002004d40                glBox
                0x0000000002004df0                glBoxFilled
                0x0000000002004e78                glBoxFilledGradient
                0x0000000002004f18                glTriangle
                0x0000000002004f98                glTriangleFilled
                0x0000000002005010                glTriangleFilledGradient
                0x0000000002005098                glSprite
                0x000000000200518c                glSpriteScale
                0x00000000020052a0                glSpriteScaleXY
                0x00000000020053ac                glSpriteRotate
                0x0000000002005524                glSpriteRotateScale
                0x00000000020056ac                glSpriteRotateScaleXY
                0x0000000002005838                glSpriteStretchHorizontal
                0x00000000020059a4                glSpriteOnQuad
                0x0000000002005acc                glLoadSpriteSet
                0x0000000002005b5c                glLoadTileSet
 *fill*         0x0000000002005c28       0x18 ff
 .text          0x0000000002005c40     0x4000 D:/devkitPro/libnds/lib\libnds9.a(dldi_stub.o)
                0x0000000002005c40                _io_dldi_stub
 .text          0x0000000002009c40      0x11c d:/devkitpro/devkitarm/bin/../lib/gcc/arm-none-eabi/10.2.0/thumb\libgcc.a(_udivsi3.o)
                0x0000000002009c40                __aeabi_uidiv
                0x0000000002009c40                __udivsi3
                0x0000000002009d3c                __aeabi_uidivmod
 .text          0x0000000002009d5c      0x150 d:/devkitpro/devkitarm/bin/../lib/gcc/arm-none-eabi/10.2.0/thumb\libgcc.a(_divsi3.o)
                0x0000000002009d5c                __divsi3
                0x0000000002009d5c                __aeabi_idiv
                0x0000000002009e8c                __aeabi_idivmod
 .text          0x0000000002009eac        0x4 d:/devkitpro/devkitarm/bin/../lib/gcc/arm-none-eabi/10.2.0/thumb\libgcc.a(_dvmd_tls.o)
                0x0000000002009eac                __aeabi_idiv0
                0x0000000002009eac                __aeabi_ldiv0
 .text          0x0000000002009eb0       0xd4 d:/devkitpro/devkitarm/bin/../lib/gcc/arm-none-eabi/10.2.0/thumb\libgcc.a(_aeabi_ldivmod.o)
                0x0000000002009eb0                __aeabi_ldivmod
 .text          0x0000000002009f84       0x28 d:/devkitpro/devkitarm/bin/../lib/gcc/arm-none-eabi/10.2.0/thumb\libgcc.a(_clzdi2.o)
                0x0000000002009f84                __clzdi2
 .text          0x0000000002009fac       0x48 d:/devkitpro/devkitarm/bin/../lib/gcc/arm-none-eabi/10.2.0/thumb\libgcc.a(_clzsi2.o)
                0x0000000002009fac                __clzsi2
 .text          0x0000000002009ff4      0x224 d:/devkitpro/devkitarm/bin/../lib/gcc/arm-none-eabi/10.2.0/../../../../arm-none-eabi/lib/thumb\libg.a(lib_a-strcmp.o)
                0x0000000002009ff4                strcmp
 .text          0x000000000200a218       0x14 d:/devkitpro/devkitarm/bin/../lib/gcc/arm-none-eabi/10.2.0/thumb\libgcc.a(_thumb1_case_uqi.o)
                0x000000000200a218                __gnu_thumb1_case_uqi
 .text          0x000000000200a22c       0x14 d:/devkitpro/devkitarm/bin/../lib/gcc/arm-none-eabi/10.2.0/thumb\libgcc.a(_thumb1_case_uhi.o)
                0x000000000200a22c                __gnu_thumb1_case_uhi
 .text          0x000000000200a240      0x424 d:/devkitpro/devkitarm/bin/../lib/gcc/arm-none-eabi/10.2.0/thumb\libgcc.a(_arm_addsubdf3.o)
                0x000000000200a240                __aeabi_drsub
                0x000000000200a248                __aeabi_dsub
                0x000000000200a248                __subdf3
                0x000000000200a24c                __aeabi_dadd
                0x000000000200a24c                __adddf3
                0x000000000200a55c                __floatunsidf
                0x000000000200a55c                __aeabi_ui2d
                0x000000000200a580                __floatsidf
                0x000000000200a580                __aeabi_i2d
                0x000000000200a5a8                __aeabi_f2d
                0x000000000200a5a8                __extendsfdf2
                0x000000000200a5f0                __floatundidf
                0x000000000200a5f0                __aeabi_ul2d
                0x000000000200a604                __floatdidf
                0x000000000200a604                __aeabi_l2d
 .text          0x000000000200a664      0x49c d:/devkitpro/devkitarm/bin/../lib/gcc/arm-none-eabi/10.2.0/thumb\libgcc.a(_arm_muldivdf3.o)
                0x000000000200a664                __aeabi_dmul
                0x000000000200a664                __muldf3
                0x000000000200a8f4                __divdf3
                0x000000000200a8f4                __aeabi_ddiv
 .text          0x000000000200ab00      0x144 d:/devkitpro/devkitarm/bin/../lib/gcc/arm-none-eabi/10.2.0/thumb\libgcc.a(_arm_cmpdf2.o)
                0x000000000200ab00                __gtdf2
                0x000000000200ab00                __gedf2
                0x000000000200ab08                __ltdf2
                0x000000000200ab08                __ledf2
                0x000000000200ab10                __nedf2
                0x000000000200ab10                __eqdf2
                0x000000000200ab10                __cmpdf2
                0x000000000200ab98                __aeabi_cdrcmple
                0x000000000200abb4                __aeabi_cdcmpeq
                0x000000000200abb4                __aeabi_cdcmple
                0x000000000200abcc                __aeabi_dcmpeq
                0x000000000200abe4                __aeabi_dcmplt
                0x000000000200abfc                __aeabi_dcmple
                0x000000000200ac14                __aeabi_dcmpge
                0x000000000200ac2c                __aeabi_dcmpgt
 .text          0x000000000200ac44       0x38 d:/devkitpro/devkitarm/bin/../lib/gcc/arm-none-eabi/10.2.0/thumb\libgcc.a(_arm_unorddf2.o)
                0x000000000200ac44                __unorddf2
                0x000000000200ac44                __aeabi_dcmpun
 .text          0x000000000200ac7c       0x5c d:/devkitpro/devkitarm/bin/../lib/gcc/arm-none-eabi/10.2.0/thumb\libgcc.a(_arm_fixdfsi.o)
                0x000000000200ac7c                __aeabi_d2iz
                0x000000000200ac7c                __fixdfsi
 .text          0x000000000200acd8       0x3c d:/devkitpro/devkitarm/bin/../lib/gcc/arm-none-eabi/10.2.0/thumb\libgcc.a(_aeabi_uldivmod.o)
                0x000000000200acd8                __aeabi_uldivmod
 *(EXCLUDE_FILE(*.twl* *.vectors* *.itcm*) .stub)
 *(EXCLUDE_FILE(*.twl* *.vectors* *.itcm*) .text.*)
 .text.__do_global_dtors_aux
                0x000000000200ad14       0x2c d:/devkitpro/devkitarm/bin/../lib/gcc/arm-none-eabi/10.2.0/thumb/crtbegin.o
 .text.frame_dummy
                0x000000000200ad40       0x24 d:/devkitpro/devkitarm/bin/../lib/gcc/arm-none-eabi/10.2.0/thumb/crtbegin.o
 .text._ZN6Player4DrawEv
                0x000000000200ad64       0x20 main.o
                0x000000000200ad64                Player::Draw()
 .text._ZN6Player4InitEv
                0x000000000200ad84       0x28 main.o
                0x000000000200ad84                Player::Init()
 .text._ZN6Player6UpdateEv
                0x000000000200adac       0x58 main.o
                0x000000000200adac                Player::Update()
 .text.startup  0x000000000200ae04      0x154 main.o
                0x000000000200ae04                main
 .text.nitroFSDirClose
                0x000000000200af58        0x4 D:/devkitPro/libnds/lib\libfilesystem.a(nitrofs.o)
 .text.nitroFSSeek
                0x000000000200af5c       0x78 D:/devkitPro/libnds/lib\libfilesystem.a(nitrofs.o)
 .text.nitroFSFstat
                0x000000000200afd4       0x10 D:/devkitPro/libnds/lib\libfilesystem.a(nitrofs.o)
 .text.nitroSubReadBlock
                0x000000000200afe4       0x54 D:/devkitPro/libnds/lib\libfilesystem.a(nitrofs.o)
 .text.nitroSubReadCard
                0x000000000200b038       0xb0 D:/devkitPro/libnds/lib\libfilesystem.a(nitrofs.o)
 .text.nitroFSClose
                0x000000000200b0e8        0x4 D:/devkitPro/libnds/lib\libfilesystem.a(nitrofs.o)
 .text.nitroDirReset
                0x000000000200b0ec       0x9c D:/devkitPro/libnds/lib\libfilesystem.a(nitrofs.o)
 .text.nitroFSRead
                0x000000000200b188       0xbc D:/devkitPro/libnds/lib\libfilesystem.a(nitrofs.o)
 .text.nitroFSDirNext
                0x000000000200b244      0x30c D:/devkitPro/libnds/lib\libfilesystem.a(nitrofs.o)
 .text.nitroFSDirOpen
                0x000000000200b550       0xe0 D:/devkitPro/libnds/lib\libfilesystem.a(nitrofs.o)
 .text.nitroFSChdir
                0x000000000200b630       0x30 D:/devkitPro/libnds/lib\libfilesystem.a(nitrofs.o)
 .text.nitroFSOpen
                0x000000000200b660       0xc4 D:/devkitPro/libnds/lib\libfilesystem.a(nitrofs.o)
 .text.nitroFSstat
                0x000000000200b724       0x68 D:/devkitPro/libnds/lib\libfilesystem.a(nitrofs.o)
 .text.nitroFSInit
                0x000000000200b78c      0x12c D:/devkitPro/libnds/lib\libfilesystem.a(nitrofs.o)
                0x000000000200b78c                nitroFSInit
 .text.fatMount.part.0
                0x000000000200b8b8       0xa0 D:/devkitPro/libnds/lib\libfat.a(libfat.o)
 .text.fatMount
                0x000000000200b958       0x3c D:/devkitPro/libnds/lib\libfat.a(libfat.o)
                0x000000000200b958                fatMount
 .text.fatInit  0x000000000200b994      0x130 D:/devkitPro/libnds/lib\libfat.a(libfat.o)
                0x000000000200b994                fatInit
 .text.fatInitDefault
                0x000000000200bac4        0xc D:/devkitPro/libnds/lib\libfat.a(libfat.o)
                0x000000000200bac4                fatInitDefault
 .text._FAT_check_position_for_next_cluster.part.0
                0x000000000200bad0       0x68 D:/devkitPro/libnds/lib\libfat.a(fatfile.o)
 .text._FAT_syncToDisc.part.0
                0x000000000200bb38       0xd4 D:/devkitPro/libnds/lib\libfat.a(fatfile.o)
 .text._FAT_file_extend_r
                0x000000000200bc0c      0x208 D:/devkitPro/libnds/lib\libfat.a(fatfile.o)
 .text._FAT_open_r
                0x000000000200be14      0x2d4 D:/devkitPro/libnds/lib\libfat.a(fatfile.o)
                0x000000000200be14                _FAT_open_r
 .text._FAT_close_r
                0x000000000200c0e8       0x74 D:/devkitPro/libnds/lib\libfat.a(fatfile.o)
                0x000000000200c0e8                _FAT_close_r
 .text._FAT_read_r
                0x000000000200c15c      0x398 D:/devkitPro/libnds/lib\libfat.a(fatfile.o)
                0x000000000200c15c                _FAT_read_r
 .text._FAT_write_r
                0x000000000200c4f4      0x53c D:/devkitPro/libnds/lib\libfat.a(fatfile.o)
                0x000000000200c4f4                _FAT_write_r
 .text._FAT_seek_r
                0x000000000200ca30      0x194 D:/devkitPro/libnds/lib\libfat.a(fatfile.o)
                0x000000000200ca30                _FAT_seek_r
 .text._FAT_fstat_r
                0x000000000200cbc4       0x8c D:/devkitPro/libnds/lib\libfat.a(fatfile.o)
                0x000000000200cbc4                _FAT_fstat_r
 .text._FAT_ftruncate_r
                0x000000000200cc50      0x16c D:/devkitPro/libnds/lib\libfat.a(fatfile.o)
                0x000000000200cc50                _FAT_ftruncate_r
 .text._FAT_fsync_r
                0x000000000200cdbc       0x44 D:/devkitPro/libnds/lib\libfat.a(fatfile.o)
                0x000000000200cdbc                _FAT_fsync_r
 .text._FAT_cache_getPage
                0x000000000200ce00       0xf0 D:/devkitPro/libnds/lib\libfat.a(cache.o)
 .text._FAT_cache_constructor
                0x000000000200cef0       0x90 D:/devkitPro/libnds/lib\libfat.a(cache.o)
                0x000000000200cef0                _FAT_cache_constructor
 .text._FAT_cache_readSectors
                0x000000000200cf80       0x60 D:/devkitPro/libnds/lib\libfat.a(cache.o)
                0x000000000200cf80                _FAT_cache_readSectors
 .text._FAT_cache_readPartialSector
                0x000000000200cfe0       0x3c D:/devkitPro/libnds/lib\libfat.a(cache.o)
                0x000000000200cfe0                _FAT_cache_readPartialSector
 .text._FAT_cache_readLittleEndianValue
                0x000000000200d01c       0x70 D:/devkitPro/libnds/lib\libfat.a(cache.o)
                0x000000000200d01c                _FAT_cache_readLittleEndianValue
 .text._FAT_cache_writePartialSector
                0x000000000200d08c       0x4c D:/devkitPro/libnds/lib\libfat.a(cache.o)
                0x000000000200d08c                _FAT_cache_writePartialSector
 .text._FAT_cache_writeLittleEndianValue
                0x000000000200d0d8       0x8c D:/devkitPro/libnds/lib\libfat.a(cache.o)
                0x000000000200d0d8                _FAT_cache_writeLittleEndianValue
 .text._FAT_cache_eraseWritePartialSector
                0x000000000200d164       0x60 D:/devkitPro/libnds/lib\libfat.a(cache.o)
                0x000000000200d164                _FAT_cache_eraseWritePartialSector
 .text._FAT_cache_writeSectors
                0x000000000200d1c4       0x80 D:/devkitPro/libnds/lib\libfat.a(cache.o)
                0x000000000200d1c4                _FAT_cache_writeSectors
 .text._FAT_cache_flush
                0x000000000200d244       0x40 D:/devkitPro/libnds/lib\libfat.a(cache.o)
                0x000000000200d244                _FAT_cache_flush
 .text._FAT_stat_r
                0x000000000200d284       0x90 D:/devkitPro/libnds/lib\libfat.a(fatdir.o)
                0x000000000200d284                _FAT_stat_r
 .text._FAT_link_r
                0x000000000200d314        0xc D:/devkitPro/libnds/lib\libfat.a(fatdir.o)
                0x000000000200d314                _FAT_link_r
 .text._FAT_unlink_r
                0x000000000200d320      0x184 D:/devkitPro/libnds/lib\libfat.a(fatdir.o)
                0x000000000200d320                _FAT_unlink_r
 .text._FAT_chdir_r
                0x000000000200d4a4       0x70 D:/devkitPro/libnds/lib\libfat.a(fatdir.o)
                0x000000000200d4a4                _FAT_chdir_r
 .text._FAT_rename_r
                0x000000000200d514      0x1c4 D:/devkitPro/libnds/lib\libfat.a(fatdir.o)
                0x000000000200d514                _FAT_rename_r
 .text._FAT_mkdir_r
                0x000000000200d6d8      0x244 D:/devkitPro/libnds/lib\libfat.a(fatdir.o)
                0x000000000200d6d8                _FAT_mkdir_r
 .text._FAT_statvfs_r
                0x000000000200d91c       0x78 D:/devkitPro/libnds/lib\libfat.a(fatdir.o)
                0x000000000200d91c                _FAT_statvfs_r
 .text._FAT_diropen_r
                0x000000000200d994       0xb0 D:/devkitPro/libnds/lib\libfat.a(fatdir.o)
                0x000000000200d994                _FAT_diropen_r
 .text._FAT_dirreset_r
                0x000000000200da44       0x4c D:/devkitPro/libnds/lib\libfat.a(fatdir.o)
                0x000000000200da44                _FAT_dirreset_r
 .text._FAT_dirnext_r
                0x000000000200da90       0x7c D:/devkitPro/libnds/lib\libfat.a(fatdir.o)
                0x000000000200da90                _FAT_dirnext_r
 .text._FAT_dirclose_r
                0x000000000200db0c       0x20 D:/devkitPro/libnds/lib\libfat.a(fatdir.o)
                0x000000000200db0c                _FAT_dirclose_r
 .text._FAT_directory_entryGetAlias
                0x000000000200db2c       0xc8 D:/devkitPro/libnds/lib\libfat.a(directory.o)
 .text._FAT_directory_incrementDirEntryPosition
                0x000000000200dbf4       0x80 D:/devkitPro/libnds/lib\libfat.a(directory.o)
 .text._FAT_directory_mbsncasecmp
                0x000000000200dc74       0xa8 D:/devkitPro/libnds/lib\libfat.a(directory.o)
 .text._FAT_directory_ucs2tombs.constprop.0
                0x000000000200dd1c       0x90 D:/devkitPro/libnds/lib\libfat.a(directory.o)
 .text._FAT_directory_entryGetCluster
                0x000000000200ddac       0x20 D:/devkitPro/libnds/lib\libfat.a(directory.o)
                0x000000000200ddac                _FAT_directory_entryGetCluster
 .text._FAT_directory_getNextEntry
                0x000000000200ddcc      0x23c D:/devkitPro/libnds/lib\libfat.a(directory.o)
                0x000000000200ddcc                _FAT_directory_getNextEntry
 .text._FAT_directory_entryExists
                0x000000000200e008       0x80 D:/devkitPro/libnds/lib\libfat.a(directory.o)
 .text._FAT_directory_getFirstEntry
                0x000000000200e088       0x20 D:/devkitPro/libnds/lib\libfat.a(directory.o)
                0x000000000200e088                _FAT_directory_getFirstEntry
 .text._FAT_directory_getRootEntry
                0x000000000200e0a8       0x60 D:/devkitPro/libnds/lib\libfat.a(directory.o)
                0x000000000200e0a8                _FAT_directory_getRootEntry
 .text._FAT_directory_entryFromPosition
                0x000000000200e108      0x150 D:/devkitPro/libnds/lib\libfat.a(directory.o)
                0x000000000200e108                _FAT_directory_entryFromPosition
 .text._FAT_directory_entryFromPath
                0x000000000200e258      0x248 D:/devkitPro/libnds/lib\libfat.a(directory.o)
                0x000000000200e258                _FAT_directory_entryFromPath
 .text._FAT_directory_removeEntry
                0x000000000200e4a0       0xd8 D:/devkitPro/libnds/lib\libfat.a(directory.o)
                0x000000000200e4a0                _FAT_directory_removeEntry
 .text._FAT_directory_addEntry
                0x000000000200e578      0x808 D:/devkitPro/libnds/lib\libfat.a(directory.o)
                0x000000000200e578                _FAT_directory_addEntry
 .text._FAT_directory_chdir
                0x000000000200ed80       0x3c D:/devkitPro/libnds/lib\libfat.a(directory.o)
                0x000000000200ed80                _FAT_directory_chdir
 .text._FAT_directory_entryStat
                0x000000000200edbc       0xe4 D:/devkitPro/libnds/lib\libfat.a(directory.o)
                0x000000000200edbc                _FAT_directory_entryStat
 .text.isValidMBR
                0x000000000200eea0       0x5c D:/devkitPro/libnds/lib\libfat.a(partition.o)
 .text._FAT_updateFS_INFO
                0x000000000200eefc       0x54 D:/devkitPro/libnds/lib\libfat.a(partition.o)
 .text.FindFirstValidPartition_buf.part.0
                0x000000000200ef50      0x11c D:/devkitPro/libnds/lib\libfat.a(partition.o)
 .text._FAT_partition_getPartitionFromPath
                0x000000000200f06c       0x10 D:/devkitPro/libnds/lib\libfat.a(partition.o)
                0x000000000200f06c                _FAT_partition_getPartitionFromPath
 .text._FAT_partition_createFSinfo
                0x000000000200f07c       0x50 D:/devkitPro/libnds/lib\libfat.a(partition.o)
                0x000000000200f07c                _FAT_partition_createFSinfo
 .text._FAT_partition_readFSinfo.part.0
                0x000000000200f0cc       0x74 D:/devkitPro/libnds/lib\libfat.a(partition.o)
 .text._FAT_partition_constructor_buf
                0x000000000200f140      0x2e8 D:/devkitPro/libnds/lib\libfat.a(partition.o)
                0x000000000200f140                _FAT_partition_constructor_buf
 .text._FAT_partition_constructor
                0x000000000200f428       0x40 D:/devkitPro/libnds/lib\libfat.a(partition.o)
                0x000000000200f428                _FAT_partition_constructor
 .text._FAT_partition_readFSinfo
                0x000000000200f468       0x10 D:/devkitPro/libnds/lib\libfat.a(partition.o)
                0x000000000200f468                _FAT_partition_readFSinfo
 .text._FAT_lock_init
                0x000000000200f478        0x4 D:/devkitPro/libnds/lib\libfat.a(lock.o)
                0x000000000200f478                _FAT_lock_init
 .text._FAT_lock
                0x000000000200f47c        0x4 D:/devkitPro/libnds/lib\libfat.a(lock.o)
                0x000000000200f47c                _FAT_lock
 .text._FAT_unlock
                0x000000000200f480        0x4 D:/devkitPro/libnds/lib\libfat.a(lock.o)
                0x000000000200f480                _FAT_unlock
 .text._FAT_filetime_getTimeFromRTC
                0x000000000200f484       0x44 D:/devkitPro/libnds/lib\libfat.a(filetime.o)
                0x000000000200f484                _FAT_filetime_getTimeFromRTC
 .text._FAT_filetime_getDateFromRTC
                0x000000000200f4c8       0x44 D:/devkitPro/libnds/lib\libfat.a(filetime.o)
                0x000000000200f4c8                _FAT_filetime_getDateFromRTC
 .text._FAT_filetime_to_time_t
                0x000000000200f50c       0x38 D:/devkitPro/libnds/lib\libfat.a(filetime.o)
                0x000000000200f50c                _FAT_filetime_to_time_t
 .text._FAT_fat_writeFatEntry.part.0.isra.0
                0x000000000200f544      0x12c D:/devkitPro/libnds/lib\libfat.a(file_allocation_table.o)
 .text._FAT_fat_nextCluster
                0x000000000200f670      0x108 D:/devkitPro/libnds/lib\libfat.a(file_allocation_table.o)
                0x000000000200f670                _FAT_fat_nextCluster
 .text._FAT_fat_linkFreeCluster
                0x000000000200f778       0xac D:/devkitPro/libnds/lib\libfat.a(file_allocation_table.o)
                0x000000000200f778                _FAT_fat_linkFreeCluster
 .text._FAT_fat_linkFreeClusterCleared
                0x000000000200f824       0x68 D:/devkitPro/libnds/lib\libfat.a(file_allocation_table.o)
                0x000000000200f824                _FAT_fat_linkFreeClusterCleared
 .text._FAT_fat_clearLinks
                0x000000000200f88c       0x7c D:/devkitPro/libnds/lib\libfat.a(file_allocation_table.o)
                0x000000000200f88c                _FAT_fat_clearLinks
 .text._FAT_fat_trimChain
                0x000000000200f908       0x80 D:/devkitPro/libnds/lib\libfat.a(file_allocation_table.o)
                0x000000000200f908                _FAT_fat_trimChain
 .text._FAT_fat_lastCluster
                0x000000000200f988       0x34 D:/devkitPro/libnds/lib\libfat.a(file_allocation_table.o)
                0x000000000200f988                _FAT_fat_lastCluster
 .text._FAT_fat_freeClusterCount
                0x000000000200f9bc       0x2c D:/devkitPro/libnds/lib\libfat.a(file_allocation_table.o)
                0x000000000200f9bc                _FAT_fat_freeClusterCount
 .text.vramRestorePrimaryBanks
                0x000000000200f9e8        0xc D:/devkitPro/libnds/lib\libnds9.a(video.o)
                0x000000000200f9e8                vramRestorePrimaryBanks
 .text.vramRestoreBanks_EFG
                0x000000000200f9f4        0xc D:/devkitPro/libnds/lib\libnds9.a(video.o)
                0x000000000200f9f4                vramRestoreBanks_EFG
 .text.setBrightness
                0x000000000200fa00       0x40 D:/devkitPro/libnds/lib\libnds9.a(video.o)
                0x000000000200fa00                setBrightness
 .text.vramDefault
                0x000000000200fa40       0xd0 D:/devkitPro/libnds/lib\libnds9.a(video.o)
                0x000000000200fa40                vramDefault
 .text.newRow   0x000000000200fb10       0xb0 D:/devkitPro/libnds/lib\libnds9.a(console.o)
 .text.consolePrintChar
                0x000000000200fbc0       0xec D:/devkitPro/libnds/lib\libnds9.a(console.o)
                0x000000000200fbc0                consolePrintChar
 .text.con_write
                0x000000000200fcac      0x374 D:/devkitPro/libnds/lib\libnds9.a(console.o)
                0x000000000200fcac                con_write
 .text.consoleLoadFont
                0x0000000002010020      0x2a8 D:/devkitPro/libnds/lib\libnds9.a(console.o)
                0x0000000002010020                consoleLoadFont
 .text.consoleInit
                0x00000000020102c8      0x194 D:/devkitPro/libnds/lib\libnds9.a(console.o)
                0x00000000020102c8                consoleInit
 .text.consoleDemoInit
                0x000000000201045c       0x40 D:/devkitPro/libnds/lib\libnds9.a(console.o)
                0x000000000201045c                consoleDemoInit
 .text.consoleClear
                0x000000000201049c       0x10 D:/devkitPro/libnds/lib\libnds9.a(console.o)
                0x000000000201049c                consoleClear
 .text.sinLutLookup
                0x00000000020104ac       0x38 D:/devkitPro/libnds/lib\libnds9.a(trig.o)
                0x00000000020104ac                sinLutLookup
 .text.sinLerp  0x00000000020104e4       0x40 D:/devkitPro/libnds/lib\libnds9.a(trig.o)
                0x00000000020104e4                sinLerp
 .text.cosLerp  0x0000000002010524       0x4c D:/devkitPro/libnds/lib\libnds9.a(trig.o)
                0x0000000002010524                cosLerp
 .text.tanLerp  0x0000000002010570       0xa4 D:/devkitPro/libnds/lib\libnds9.a(trig.o)
                0x0000000002010570                tanLerp
 .text.vramBlock__deallocateBlock.part.0
                0x0000000002010614      0x184 D:/devkitPro/libnds/lib\libnds9.a(videoGL.o)
 .text.glMaterialf
                0x0000000002010798       0x7c D:/devkitPro/libnds/lib\libnds9.a(videoGL.o)
                0x0000000002010798                glMaterialf
 .text.vramBlock_init
                0x0000000002010814       0x5c D:/devkitPro/libnds/lib\libnds9.a(videoGL.o)
                0x0000000002010814                vramBlock_init
 .text.vramBlock__allocateBlock
                0x0000000002010870      0x178 D:/devkitPro/libnds/lib\libnds9.a(videoGL.o)
                0x0000000002010870                vramBlock__allocateBlock
 .text.vramBlock_examineSpecial
                0x00000000020109e8      0x244 D:/devkitPro/libnds/lib\libnds9.a(videoGL.o)
                0x00000000020109e8                vramBlock_examineSpecial
 .text.vramBlock_allocateSpecial
                0x0000000002010c2c       0x6c D:/devkitPro/libnds/lib\libnds9.a(videoGL.o)
                0x0000000002010c2c                vramBlock_allocateSpecial
 .text.vramBlock_allocateBlock
                0x0000000002010c98       0x30 D:/devkitPro/libnds/lib\libnds9.a(videoGL.o)
                0x0000000002010c98                vramBlock_allocateBlock
 .text.vramBlock_deallocateBlock
                0x0000000002010cc8       0x48 D:/devkitPro/libnds/lib\libnds9.a(videoGL.o)
                0x0000000002010cc8                vramBlock_deallocateBlock
 .text.removePaletteFromTexture.part.0
                0x0000000002010d10       0x68 D:/devkitPro/libnds/lib\libnds9.a(videoGL.o)
 .text.glInit_C
                0x0000000002010d78      0x1cc D:/devkitPro/libnds/lib\libnds9.a(videoGL.o)
                0x0000000002010d78                glInit_C
 .text.glGenTextures
                0x0000000002010f44       0x80 D:/devkitPro/libnds/lib\libnds9.a(videoGL.o)
                0x0000000002010f44                glGenTextures
 .text.vramGetBank
                0x0000000002010fc4       0xb8 D:/devkitPro/libnds/lib\libnds9.a(videoGL.o)
                0x0000000002010fc4                vramGetBank
 .text.glBindTexture
                0x000000000201107c       0x60 D:/devkitPro/libnds/lib\libnds9.a(videoGL.o)
                0x000000000201107c                glBindTexture
 .text.glColorTableEXT
                0x00000000020110dc      0x1d8 D:/devkitPro/libnds/lib\libnds9.a(videoGL.o)
                0x00000000020110dc                glColorTableEXT
 .text.glTexImage2D
                0x00000000020112b4      0x414 D:/devkitPro/libnds/lib\libnds9.a(videoGL.o)
                0x00000000020112b4                glTexImage2D
 .text.oamInit  0x00000000020116c8      0x118 D:/devkitPro/libnds/lib\libnds9.a(sprite.o)
                0x00000000020116c8                oamInit
 .text.oamGfxPtrToOffset
                0x00000000020117e0       0x34 D:/devkitPro/libnds/lib\libnds9.a(sprite.o)
                0x00000000020117e0                oamGfxPtrToOffset
 .text.oamSet   0x0000000002011814      0x11c D:/devkitPro/libnds/lib\libnds9.a(sprite.o)
                0x0000000002011814                oamSet
 .text.oamUpdate
                0x0000000002011930       0x60 D:/devkitPro/libnds/lib\libnds9.a(sprite.o)
                0x0000000002011930                oamUpdate
 .text.oamRotateScale
                0x0000000002011990       0x4c D:/devkitPro/libnds/lib\libnds9.a(sprite.o)
                0x0000000002011990                oamRotateScale
 .text.scanKeys
                0x00000000020119dc       0x8c D:/devkitPro/libnds/lib\libnds9.a(keys.o)
                0x00000000020119dc                scanKeys
 .text.keysHeld
                0x0000000002011a68        0xc D:/devkitPro/libnds/lib\libnds9.a(keys.o)
                0x0000000002011a68                keysHeld
 .text.dldiGetInternal
                0x0000000002011a74       0x34 D:/devkitPro/libnds/lib\libnds9.a(dldi.o)
                0x0000000002011a74                dldiGetInternal
 .text.get_io_dsisd
                0x0000000002011aa8       0x24 D:/devkitPro/libnds/lib\libnds9.a(dldi.o)
                0x0000000002011aa8                get_io_dsisd
 .text.initSystem
                0x0000000002011acc      0x198 D:/devkitPro/libnds/lib\libnds9.a(initSystem.o)
                0x0000000002011acc                initSystem
 .text.__libnds_gtod
                0x0000000002011c64       0x28 D:/devkitPro/libnds/lib\libnds9.a(timeSupport.o)
                0x0000000002011c64                __libnds_gtod
 .text.irqDummy
                0x0000000002011c8c        0x4 D:/devkitPro/libnds/lib\libnds9.a(interrupts.o)
                0x0000000002011c8c                irqDummy
 .text.irqSet   0x0000000002011c90       0x6c D:/devkitPro/libnds/lib\libnds9.a(interrupts.o)
                0x0000000002011c90                irqSet
 .text.irqInit  0x0000000002011cfc       0x50 D:/devkitPro/libnds/lib\libnds9.a(interrupts.o)
                0x0000000002011cfc                irqInit
 .text.irqEnable
                0x0000000002011d4c       0x64 D:/devkitPro/libnds/lib\libnds9.a(interrupts.o)
                0x0000000002011d4c                irqEnable
 .text.systemErrorExit
                0x0000000002011db0        0x4 D:/devkitPro/libnds/lib\libnds9.a(libnds_exit.arm.o)
                0x0000000002011db0                systemErrorExit
 .text.__libnds_exit
                0x0000000002011db4       0x5c D:/devkitPro/libnds/lib\libnds9.a(libnds_exit.arm.o)
                0x0000000002011db4                __libnds_exit
 .text.cardPolledTransfer
                0x0000000002011e10       0x54 D:/devkitPro/libnds/lib\libnds9.a(card.o)
                0x0000000002011e10                cardPolledTransfer
 .text.cardParamCommand
                0x0000000002011e64       0x34 D:/devkitPro/libnds/lib\libnds9.a(card.o)
                0x0000000002011e64                cardParamCommand
 .text.fifo_queueBlock
                0x0000000002011e98       0x44 D:/devkitPro/libnds/lib\libnds9.a(fifosystem.o)
 .text.fifo_waitBlock
                0x0000000002011edc       0x80 D:/devkitPro/libnds/lib\libnds9.a(fifosystem.o)
 .text.fifoInternalSend.part.0
                0x0000000002011f5c       0xd4 D:/devkitPro/libnds/lib\libnds9.a(fifosystem.o)
 .text.fifoInternalSendInterrupt
                0x0000000002012030       0xa8 D:/devkitPro/libnds/lib\libnds9.a(fifosystem.o)
 .text.fifoSetValue32Handler
                0x00000000020120d8       0xd8 D:/devkitPro/libnds/lib\libnds9.a(fifosystem.o)
                0x00000000020120d8                fifoSetValue32Handler
 .text.fifoSendValue32
                0x00000000020121b0       0x4c D:/devkitPro/libnds/lib\libnds9.a(fifosystem.o)
                0x00000000020121b0                fifoSendValue32
 .text.fifoSendDatamsg
                0x00000000020121fc       0x90 D:/devkitPro/libnds/lib\libnds9.a(fifosystem.o)
                0x00000000020121fc                fifoSendDatamsg
 .text.fifoGetValue32
                0x000000000201228c       0x70 D:/devkitPro/libnds/lib\libnds9.a(fifosystem.o)
                0x000000000201228c                fifoGetValue32
 .text.fifoGetDatamsg
                0x00000000020122fc       0xf4 D:/devkitPro/libnds/lib\libnds9.a(fifosystem.o)
                0x00000000020122fc                fifoGetDatamsg
 .text.fifoInternalRecvInterrupt
                0x00000000020123f0      0x380 D:/devkitPro/libnds/lib\libnds9.a(fifosystem.o)
 .text.fifoSetDatamsgHandler
                0x0000000002012770       0x9c D:/devkitPro/libnds/lib\libnds9.a(fifosystem.o)
                0x0000000002012770                fifoSetDatamsgHandler
 .text.fifoCheckValue32
                0x000000000201280c       0x24 D:/devkitPro/libnds/lib\libnds9.a(fifosystem.o)
                0x000000000201280c                fifoCheckValue32
 .text.fifoInit
                0x0000000002012830       0xf8 D:/devkitPro/libnds/lib\libnds9.a(fifosystem.o)
                0x0000000002012830                fifoInit
 .text.DC_FlushRange
                0x0000000002012928       0x24 D:/devkitPro/libnds/lib\libnds9.a(dcache.o)
                0x0000000002012928                DC_FlushRange
 .text.DC_InvalidateRange
                0x000000000201294c       0x2c D:/devkitPro/libnds/lib\libnds9.a(dcache.o)
                0x000000000201294c                DC_InvalidateRange
 .text.__libnds_mpu_setup
                0x0000000002012978      0x174 D:/devkitPro/libnds/lib\libnds9.a(mpu_setup.o)
                0x0000000002012978                __libnds_mpu_setup
 .text.memUncached
                0x0000000002012aec       0x20 D:/devkitPro/libnds/lib\libnds9.a(mpu_setup.o)
                0x0000000002012aec                memUncached
 .text.swiWaitForVBlank
                0x0000000002012b0c        0x8 D:/devkitPro/libnds/lib\libnds9.a(IntrWait.o)
                0x0000000002012b0c                swiWaitForVBlank
 .text.swiIntrWait
                0x0000000002012b14       0x70 D:/devkitPro/libnds/lib\libnds9.a(IntrWait.o)
                0x0000000002012b14                swiIntrWait
 .text.setCpuClock
                0x0000000002012b84       0x50 D:/devkitPro/libnds/lib\libnds9.a(cpu_clock.o)
                0x0000000002012b84                setCpuClock
 .text.swiSoftReset
                0x0000000002012bd4       0x2c D:/devkitPro/libnds/lib\libnds9.a(swiSoftReset.o)
                0x0000000002012bd4                swiSoftReset
 .text.swiDelay
                0x0000000002012c00        0x4 D:/devkitPro/libnds/lib\libnds9.a(biosCalls.o)
                0x0000000002012c00                swiDelay
 .text.swiCopy  0x0000000002012c04        0x4 D:/devkitPro/libnds/lib\libnds9.a(biosCalls.o)
                0x0000000002012c04                swiCopy
 .text.checkIfText
                0x0000000002012c08       0x5c D:/devkitPro/libnds/lib\libnds9.a(background.o)
                0x0000000002012c08                checkIfText
 .text.bgUpdate
                0x0000000002012c64       0xf4 D:/devkitPro/libnds/lib\libnds9.a(background.o)
                0x0000000002012c64                bgUpdate
 .text.bgInit_call
                0x0000000002012d58       0xc4 D:/devkitPro/libnds/lib\libnds9.a(background.o)
                0x0000000002012d58                bgInit_call
 .text.bgInitSub_call
                0x0000000002012e1c       0xcc D:/devkitPro/libnds/lib\libnds9.a(background.o)
                0x0000000002012e1c                bgInitSub_call
 .text.DynamicArrayInit
                0x0000000002012ee8       0x18 D:/devkitPro/libnds/lib\libnds9.a(dynamicArray.o)
                0x0000000002012ee8                DynamicArrayInit
 .text.DynamicArrayGet
                0x0000000002012f00       0x18 D:/devkitPro/libnds/lib\libnds9.a(dynamicArray.o)
                0x0000000002012f00                DynamicArrayGet
 .text.DynamicArraySet
                0x0000000002012f18       0x48 D:/devkitPro/libnds/lib\libnds9.a(dynamicArray.o)
                0x0000000002012f18                DynamicArraySet
 .text.oamAllocReset
                0x0000000002012f60       0x1c D:/devkitPro/libnds/lib\libnds9.a(sprite_alloc.o)
                0x0000000002012f60                oamAllocReset
 .text.systemValueHandler
                0x0000000002012f7c       0x48 D:/devkitPro/libnds/lib\libnds9.a(system.o)
                0x0000000002012f7c                systemValueHandler
 .text.systemMsgHandler
                0x0000000002012fc4       0x60 D:/devkitPro/libnds/lib\libnds9.a(system.o)
                0x0000000002012fc4                systemMsgHandler
 .text.powerOn  0x0000000002013024       0x2c D:/devkitPro/libnds/lib\libnds9.a(system.o)
                0x0000000002013024                powerOn
 .text.__muldi3
                0x0000000002013050       0x54 d:/devkitpro/devkitarm/bin/../lib/gcc/arm-none-eabi/10.2.0/thumb\libgcc.a(_muldi3.o)
                0x0000000002013050                __muldi3
                0x0000000002013050                __aeabi_lmul
 .text.__udivmoddi4
                0x00000000020130a4      0x19c d:/devkitpro/devkitarm/bin/../lib/gcc/arm-none-eabi/10.2.0/thumb\libgcc.a(_udivmoddi4.o)
                0x00000000020130a4                __udivmoddi4
 .text.calloc   0x0000000002013240       0x18 d:/devkitpro/devkitarm/bin/../lib/gcc/arm-none-eabi/10.2.0/../../../../arm-none-eabi/lib/thumb\libg.a(lib_a-calloc.o)
                0x0000000002013240                calloc
 .text._calloc_r
                0x0000000002013258       0x60 d:/devkitpro/devkitarm/bin/../lib/gcc/arm-none-eabi/10.2.0/../../../../arm-none-eabi/lib/thumb\libg.a(lib_a-callocr.o)
                0x0000000002013258                _calloc_r
 .text._fclose_r
                0x00000000020132b8       0xe8 d:/devkitpro/devkitarm/bin/../lib/gcc/arm-none-eabi/10.2.0/../../../../arm-none-eabi/lib/thumb\libg.a(lib_a-fclose.o)
                0x00000000020132b8                _fclose_r
 .text.fclose   0x00000000020133a0       0x14 d:/devkitpro/devkitarm/bin/../lib/gcc/arm-none-eabi/10.2.0/../../../../arm-none-eabi/lib/thumb\libg.a(lib_a-fclose.o)
                0x00000000020133a0                fclose
 .text.__sflush_r
                0x00000000020133b4      0x1c0 d:/devkitpro/devkitarm/bin/../lib/gcc/arm-none-eabi/10.2.0/../../../../arm-none-eabi/lib/thumb\libg.a(lib_a-fflush.o)
                0x00000000020133b4                __sflush_r
 .text._fflush_r
                0x0000000002013574       0x70 d:/devkitpro/devkitarm/bin/../lib/gcc/arm-none-eabi/10.2.0/../../../../arm-none-eabi/lib/thumb\libg.a(lib_a-fflush.o)
                0x0000000002013574                _fflush_r
 .text.fflush   0x00000000020135e4       0x2c d:/devkitpro/devkitarm/bin/../lib/gcc/arm-none-eabi/10.2.0/../../../../arm-none-eabi/lib/thumb\libg.a(lib_a-fflush.o)
                0x00000000020135e4                fflush
 .text._cleanup_r
                0x0000000002013610       0x14 d:/devkitpro/devkitarm/bin/../lib/gcc/arm-none-eabi/10.2.0/../../../../arm-none-eabi/lib/thumb\libg.a(lib_a-findfp.o)
                0x0000000002013610                _cleanup_r
 .text.__sinit  0x0000000002013624      0x124 d:/devkitpro/devkitarm/bin/../lib/gcc/arm-none-eabi/10.2.0/../../../../arm-none-eabi/lib/thumb\libg.a(lib_a-findfp.o)
                0x0000000002013624                __sinit
 .text.__sfp    0x0000000002013748       0xdc d:/devkitpro/devkitarm/bin/../lib/gcc/arm-none-eabi/10.2.0/../../../../arm-none-eabi/lib/thumb\libg.a(lib_a-findfp.o)
                0x0000000002013748                __sfp
 .text.__sfp_lock_acquire
                0x0000000002013824       0x14 d:/devkitpro/devkitarm/bin/../lib/gcc/arm-none-eabi/10.2.0/../../../../arm-none-eabi/lib/thumb\libg.a(lib_a-findfp.o)
                0x0000000002013824                __sfp_lock_acquire
 .text.__sfp_lock_release
                0x0000000002013838       0x14 d:/devkitpro/devkitarm/bin/../lib/gcc/arm-none-eabi/10.2.0/../../../../arm-none-eabi/lib/thumb\libg.a(lib_a-findfp.o)
                0x0000000002013838                __sfp_lock_release
 .text._fopen_r
                0x000000000201384c       0xb8 d:/devkitpro/devkitarm/bin/../lib/gcc/arm-none-eabi/10.2.0/../../../../arm-none-eabi/lib/thumb\libg.a(lib_a-fopen.o)
                0x000000000201384c                _fopen_r
 .text.fopen    0x0000000002013904       0x18 d:/devkitpro/devkitarm/bin/../lib/gcc/arm-none-eabi/10.2.0/../../../../arm-none-eabi/lib/thumb\libg.a(lib_a-fopen.o)
                0x0000000002013904                fopen
 .text._fread_r
                0x000000000201391c      0x1f0 d:/devkitpro/devkitarm/bin/../lib/gcc/arm-none-eabi/10.2.0/../../../../arm-none-eabi/lib/thumb\libg.a(lib_a-fread.o)
                0x000000000201391c                _fread_r
 .text.fread    0x0000000002013b0c       0x24 d:/devkitpro/devkitarm/bin/../lib/gcc/arm-none-eabi/10.2.0/../../../../arm-none-eabi/lib/thumb\libg.a(lib_a-fread.o)
                0x0000000002013b0c                fread
 .text._malloc_trim_r
                0x0000000002013b30       0xa0 d:/devkitpro/devkitarm/bin/../lib/gcc/arm-none-eabi/10.2.0/../../../../arm-none-eabi/lib/thumb\libg.a(lib_a-freer.o)
                0x0000000002013b30                _malloc_trim_r
 .text._free_r  0x0000000002013bd0      0x1e0 d:/devkitpro/devkitarm/bin/../lib/gcc/arm-none-eabi/10.2.0/../../../../arm-none-eabi/lib/thumb\libg.a(lib_a-freer.o)
                0x0000000002013bd0                _free_r
 .text._fseek_r
                0x0000000002013db0       0x18 d:/devkitpro/devkitarm/bin/../lib/gcc/arm-none-eabi/10.2.0/../../../../arm-none-eabi/lib/thumb\libg.a(lib_a-fseek.o)
                0x0000000002013db0                _fseek_r
 .text.fseek    0x0000000002013dc8       0x24 d:/devkitpro/devkitarm/bin/../lib/gcc/arm-none-eabi/10.2.0/../../../../arm-none-eabi/lib/thumb\libg.a(lib_a-fseek.o)
                0x0000000002013dc8                fseek
 .text._fseeko_r
                0x0000000002013dec      0x39c d:/devkitpro/devkitarm/bin/../lib/gcc/arm-none-eabi/10.2.0/../../../../arm-none-eabi/lib/thumb\libg.a(lib_a-fseeko.o)
                0x0000000002013dec                _fseeko_r
 .text.ftell    0x0000000002014188       0x24 d:/devkitpro/devkitarm/bin/../lib/gcc/arm-none-eabi/10.2.0/../../../../arm-none-eabi/lib/thumb\libg.a(lib_a-ftell.o)
                0x0000000002014188                ftell
 .text._ftello_r
                0x00000000020141ac      0x118 d:/devkitpro/devkitarm/bin/../lib/gcc/arm-none-eabi/10.2.0/../../../../arm-none-eabi/lib/thumb\libg.a(lib_a-ftello.o)
                0x00000000020141ac                _ftello_r
 .text._fwalk   0x00000000020142c4       0x48 d:/devkitpro/devkitarm/bin/../lib/gcc/arm-none-eabi/10.2.0/../../../../arm-none-eabi/lib/thumb\libg.a(lib_a-fwalk.o)
                0x00000000020142c4                _fwalk
 .text._fwalk_reent
                0x000000000201430c       0x50 d:/devkitpro/devkitarm/bin/../lib/gcc/arm-none-eabi/10.2.0/../../../../arm-none-eabi/lib/thumb\libg.a(lib_a-fwalk.o)
                0x000000000201430c                _fwalk_reent
 .text._fwrite_r
                0x000000000201435c       0x94 d:/devkitpro/devkitarm/bin/../lib/gcc/arm-none-eabi/10.2.0/../../../../arm-none-eabi/lib/thumb\libg.a(lib_a-fwrite.o)
                0x000000000201435c                _fwrite_r
 .text.fwrite   0x00000000020143f0       0x24 d:/devkitpro/devkitarm/bin/../lib/gcc/arm-none-eabi/10.2.0/../../../../arm-none-eabi/lib/thumb\libg.a(lib_a-fwrite.o)
                0x00000000020143f0                fwrite
 .text.__libc_init_array
                0x0000000002014414       0x50 d:/devkitpro/devkitarm/bin/../lib/gcc/arm-none-eabi/10.2.0/../../../../arm-none-eabi/lib/thumb\libg.a(lib_a-init.o)
                0x0000000002014414                __libc_init_array
 .text.iprintf  0x0000000002014464       0x24 d:/devkitpro/devkitarm/bin/../lib/gcc/arm-none-eabi/10.2.0/../../../../arm-none-eabi/lib/thumb\libg.a(lib_a-iprintf.o)
                0x0000000002014464                iprintf
 .text.localtime_r
                0x0000000002014488      0x244 d:/devkitpro/devkitarm/bin/../lib/gcc/arm-none-eabi/10.2.0/../../../../arm-none-eabi/lib/thumb\libg.a(lib_a-lcltime_r.o)
                0x0000000002014488                localtime_r
 .text.__locale_mb_cur_max
                0x00000000020146cc       0x10 d:/devkitpro/devkitarm/bin/../lib/gcc/arm-none-eabi/10.2.0/../../../../arm-none-eabi/lib/thumb\libg.a(lib_a-locale.o)
                0x00000000020146cc                __locale_mb_cur_max
 .text.__smakebuf_r
                0x00000000020146dc       0xec d:/devkitpro/devkitarm/bin/../lib/gcc/arm-none-eabi/10.2.0/../../../../arm-none-eabi/lib/thumb\libg.a(lib_a-makebuf.o)
                0x00000000020146dc                __smakebuf_r
 .text.__swhatbuf_r
                0x00000000020147c8       0x64 d:/devkitpro/devkitarm/bin/../lib/gcc/arm-none-eabi/10.2.0/../../../../arm-none-eabi/lib/thumb\libg.a(lib_a-makebuf.o)
                0x00000000020147c8                __swhatbuf_r
 .text.malloc   0x000000000201482c       0x14 d:/devkitpro/devkitarm/bin/../lib/gcc/arm-none-eabi/10.2.0/../../../../arm-none-eabi/lib/thumb\libg.a(lib_a-malloc.o)
                0x000000000201482c                malloc
 .text.free     0x0000000002014840       0x14 d:/devkitpro/devkitarm/bin/../lib/gcc/arm-none-eabi/10.2.0/../../../../arm-none-eabi/lib/thumb\libg.a(lib_a-malloc.o)
                0x0000000002014840                free
 .text._malloc_r
                0x0000000002014854      0x59c d:/devkitpro/devkitarm/bin/../lib/gcc/arm-none-eabi/10.2.0/../../../../arm-none-eabi/lib/thumb\libg.a(lib_a-mallocr.o)
                0x0000000002014854                _malloc_r
 .text._mbrtowc_r
                0x0000000002014df0       0x60 d:/devkitpro/devkitarm/bin/../lib/gcc/arm-none-eabi/10.2.0/../../../../arm-none-eabi/lib/thumb\libg.a(lib_a-mbrtowc.o)
                0x0000000002014df0                _mbrtowc_r
 .text.mbrtowc  0x0000000002014e50       0x80 d:/devkitpro/devkitarm/bin/../lib/gcc/arm-none-eabi/10.2.0/../../../../arm-none-eabi/lib/thumb\libg.a(lib_a-mbrtowc.o)
                0x0000000002014e50                mbrtowc
 .text.mbsrtowcs
                0x0000000002014ed0       0x28 d:/devkitpro/devkitarm/bin/../lib/gcc/arm-none-eabi/10.2.0/../../../../arm-none-eabi/lib/thumb\libg.a(lib_a-mbsrtowcs.o)
                0x0000000002014ed0                mbsrtowcs
 .text.__utf8_mbtowc
                0x0000000002014ef8      0x280 d:/devkitpro/devkitarm/bin/../lib/gcc/arm-none-eabi/10.2.0/../../../../arm-none-eabi/lib/thumb\libg.a(lib_a-mbtowc_r.o)
                0x0000000002014ef8                __utf8_mbtowc
 .text.memcmp   0x0000000002015178       0x4c d:/devkitpro/devkitarm/bin/../lib/gcc/arm-none-eabi/10.2.0/../../../../arm-none-eabi/lib/thumb\libg.a(lib_a-memcmp.o)
                0x0000000002015178                memcmp
 .text.memcpy   0x00000000020151c4       0xa8 d:/devkitpro/devkitarm/bin/../lib/gcc/arm-none-eabi/10.2.0/../../../../arm-none-eabi/lib/thumb\libg.a(lib_a-memcpy-stub.o)
                0x00000000020151c4                memcpy
 .text.memmove  0x000000000201526c       0xbc d:/devkitpro/devkitarm/bin/../lib/gcc/arm-none-eabi/10.2.0/../../../../arm-none-eabi/lib/thumb\libg.a(lib_a-memmove.o)
                0x000000000201526c                memmove
 .text.memset   0x0000000002015328       0xb0 d:/devkitpro/devkitarm/bin/../lib/gcc/arm-none-eabi/10.2.0/../../../../arm-none-eabi/lib/thumb\libg.a(lib_a-memset.o)
                0x0000000002015328                memset
 .text.validate_structure
                0x00000000020153d8      0x1e8 d:/devkitpro/devkitarm/bin/../lib/gcc/arm-none-eabi/10.2.0/../../../../arm-none-eabi/lib/thumb\libg.a(lib_a-mktime.o)
 .text.mktime   0x00000000020155c0      0x450 d:/devkitpro/devkitarm/bin/../lib/gcc/arm-none-eabi/10.2.0/../../../../arm-none-eabi/lib/thumb\libg.a(lib_a-mktime.o)
                0x00000000020155c0                mktime
 .text.__malloc_lock
                0x0000000002015a10       0x14 d:/devkitpro/devkitarm/bin/../lib/gcc/arm-none-eabi/10.2.0/../../../../arm-none-eabi/lib/thumb\libg.a(lib_a-mlock.o)
                0x0000000002015a10                __malloc_lock
 .text.__malloc_unlock
                0x0000000002015a24       0x14 d:/devkitpro/devkitarm/bin/../lib/gcc/arm-none-eabi/10.2.0/../../../../arm-none-eabi/lib/thumb\libg.a(lib_a-mlock.o)
                0x0000000002015a24                __malloc_unlock
 .text.realloc  0x0000000002015a38       0x18 d:/devkitpro/devkitarm/bin/../lib/gcc/arm-none-eabi/10.2.0/../../../../arm-none-eabi/lib/thumb\libg.a(lib_a-realloc.o)
                0x0000000002015a38                realloc
 .text._realloc_r
                0x0000000002015a50      0x38c d:/devkitpro/devkitarm/bin/../lib/gcc/arm-none-eabi/10.2.0/../../../../arm-none-eabi/lib/thumb\libg.a(lib_a-reallocr.o)
                0x0000000002015a50                _realloc_r
 .text.lflush   0x0000000002015ddc       0x20 d:/devkitpro/devkitarm/bin/../lib/gcc/arm-none-eabi/10.2.0/../../../../arm-none-eabi/lib/thumb\libg.a(lib_a-refill.o)
 .text.__srefill_r
                0x0000000002015dfc      0x118 d:/devkitpro/devkitarm/bin/../lib/gcc/arm-none-eabi/10.2.0/../../../../arm-none-eabi/lib/thumb\libg.a(lib_a-refill.o)
                0x0000000002015dfc                __srefill_r
 .text.rewind   0x0000000002015f14       0x20 d:/devkitpro/devkitarm/bin/../lib/gcc/arm-none-eabi/10.2.0/../../../../arm-none-eabi/lib/thumb\libg.a(lib_a-rewind.o)
                0x0000000002015f14                rewind
 .text.setvbuf  0x0000000002015f34      0x1ac d:/devkitpro/devkitarm/bin/../lib/gcc/arm-none-eabi/10.2.0/../../../../arm-none-eabi/lib/thumb\libg.a(lib_a-setvbuf.o)
                0x0000000002015f34                setvbuf
 .text.siscanf  0x00000000020160e0       0x4c d:/devkitpro/devkitarm/bin/../lib/gcc/arm-none-eabi/10.2.0/../../../../arm-none-eabi/lib/thumb\libg.a(lib_a-siscanf.o)
                0x00000000020160e0                siscanf
 .text.sprintf  0x000000000201612c       0x40 d:/devkitpro/devkitarm/bin/../lib/gcc/arm-none-eabi/10.2.0/../../../../arm-none-eabi/lib/thumb\libg.a(lib_a-sprintf.o)
                0x000000000201612c                sprintf
 .text.__sread  0x000000000201616c       0x34 d:/devkitpro/devkitarm/bin/../lib/gcc/arm-none-eabi/10.2.0/../../../../arm-none-eabi/lib/thumb\libg.a(lib_a-stdio.o)
                0x000000000201616c                __sread
 .text.__seofread
                0x00000000020161a0        0x4 d:/devkitpro/devkitarm/bin/../lib/gcc/arm-none-eabi/10.2.0/../../../../arm-none-eabi/lib/thumb\libg.a(lib_a-stdio.o)
                0x00000000020161a0                __seofread
 .text.__swrite
                0x00000000020161a4       0x54 d:/devkitpro/devkitarm/bin/../lib/gcc/arm-none-eabi/10.2.0/../../../../arm-none-eabi/lib/thumb\libg.a(lib_a-stdio.o)
                0x00000000020161a4                __swrite
 .text.__sseek  0x00000000020161f8       0x40 d:/devkitpro/devkitarm/bin/../lib/gcc/arm-none-eabi/10.2.0/../../../../arm-none-eabi/lib/thumb\libg.a(lib_a-stdio.o)
                0x00000000020161f8                __sseek
 .text.__sclose
                0x0000000002016238       0x10 d:/devkitpro/devkitarm/bin/../lib/gcc/arm-none-eabi/10.2.0/../../../../arm-none-eabi/lib/thumb\libg.a(lib_a-stdio.o)
                0x0000000002016238                __sclose
 .text.stpcpy   0x0000000002016248       0x50 d:/devkitpro/devkitarm/bin/../lib/gcc/arm-none-eabi/10.2.0/../../../../arm-none-eabi/lib/thumb\libg.a(lib_a-stpcpy.o)
                0x0000000002016248                stpcpy
 .text.strcasecmp
                0x0000000002016298       0x48 d:/devkitpro/devkitarm/bin/../lib/gcc/arm-none-eabi/10.2.0/../../../../arm-none-eabi/lib/thumb\libg.a(lib_a-strcasecmp.o)
                0x0000000002016298                strcasecmp
 .text.strchr   0x00000000020162e0       0xc8 d:/devkitpro/devkitarm/bin/../lib/gcc/arm-none-eabi/10.2.0/../../../../arm-none-eabi/lib/thumb\libg.a(lib_a-strchr.o)
                0x00000000020162e0                strchr
 .text.strcpy   0x00000000020163a8       0x10 d:/devkitpro/devkitarm/bin/../lib/gcc/arm-none-eabi/10.2.0/../../../../arm-none-eabi/lib/thumb\libg.a(lib_a-strcpy.o)
                0x00000000020163a8                strcpy
 .text.strdup   0x00000000020163b8       0x14 d:/devkitpro/devkitarm/bin/../lib/gcc/arm-none-eabi/10.2.0/../../../../arm-none-eabi/lib/thumb\libg.a(lib_a-strdup.o)
                0x00000000020163b8                strdup
 .text._strdup_r
                0x00000000020163cc       0x2c d:/devkitpro/devkitarm/bin/../lib/gcc/arm-none-eabi/10.2.0/../../../../arm-none-eabi/lib/thumb\libg.a(lib_a-strdup_r.o)
                0x00000000020163cc                _strdup_r
 .text.strlen   0x00000000020163f8       0x60 d:/devkitpro/devkitarm/bin/../lib/gcc/arm-none-eabi/10.2.0/../../../../arm-none-eabi/lib/thumb\libg.a(lib_a-strlen-stub.o)
                0x00000000020163f8                strlen
 .text.strncasecmp
                0x0000000002016458       0x54 d:/devkitpro/devkitarm/bin/../lib/gcc/arm-none-eabi/10.2.0/../../../../arm-none-eabi/lib/thumb\libg.a(lib_a-strncasecmp.o)
                0x0000000002016458                strncasecmp
 .text.strncmp  0x00000000020164ac       0x78 d:/devkitpro/devkitarm/bin/../lib/gcc/arm-none-eabi/10.2.0/../../../../arm-none-eabi/lib/thumb\libg.a(lib_a-strncmp.o)
                0x00000000020164ac                strncmp
 .text.strncpy  0x0000000002016524       0x74 d:/devkitpro/devkitarm/bin/../lib/gcc/arm-none-eabi/10.2.0/../../../../arm-none-eabi/lib/thumb\libg.a(lib_a-strncpy.o)
                0x0000000002016524                strncpy
 .text.strnlen  0x0000000002016598       0x28 d:/devkitpro/devkitarm/bin/../lib/gcc/arm-none-eabi/10.2.0/../../../../arm-none-eabi/lib/thumb\libg.a(lib_a-strnlen.o)
                0x0000000002016598                strnlen
 .text.strpbrk  0x00000000020165c0       0x40 d:/devkitpro/devkitarm/bin/../lib/gcc/arm-none-eabi/10.2.0/../../../../arm-none-eabi/lib/thumb\libg.a(lib_a-strpbrk.o)
                0x00000000020165c0                strpbrk
 .text.strrchr  0x0000000002016600       0x2c d:/devkitpro/devkitarm/bin/../lib/gcc/arm-none-eabi/10.2.0/../../../../arm-none-eabi/lib/thumb\libg.a(lib_a-strrchr.o)
                0x0000000002016600                strrchr
 .text._strtol_l.part.0
                0x000000000201662c      0x150 d:/devkitpro/devkitarm/bin/../lib/gcc/arm-none-eabi/10.2.0/../../../../arm-none-eabi/lib/thumb\libg.a(lib_a-strtol.o)
 .text._strtol_r
                0x000000000201677c       0x20 d:/devkitpro/devkitarm/bin/../lib/gcc/arm-none-eabi/10.2.0/../../../../arm-none-eabi/lib/thumb\libg.a(lib_a-strtol.o)
                0x000000000201677c                _strtol_r
 .text.get_arg  0x000000000201679c       0x32 d:/devkitpro/devkitarm/bin/../lib/gcc/arm-none-eabi/10.2.0/../../../../arm-none-eabi/lib/thumb\libg.a(lib_a-svfiscanf.o)
 .text._sungetc_r
                0x00000000020167ce       0x7e d:/devkitpro/devkitarm/bin/../lib/gcc/arm-none-eabi/10.2.0/../../../../arm-none-eabi/lib/thumb\libg.a(lib_a-svfiscanf.o)
                0x00000000020167ce                _sungetc_r
 .text.__ssrefill_r
                0x000000000201684c       0x42 d:/devkitpro/devkitarm/bin/../lib/gcc/arm-none-eabi/10.2.0/../../../../arm-none-eabi/lib/thumb\libg.a(lib_a-svfiscanf.o)
                0x000000000201684c                __ssrefill_r
 .text._sfread_r
                0x000000000201688e       0x8a d:/devkitpro/devkitarm/bin/../lib/gcc/arm-none-eabi/10.2.0/../../../../arm-none-eabi/lib/thumb\libg.a(lib_a-svfiscanf.o)
                0x000000000201688e                _sfread_r
 .text.__ssvfiscanf_r
                0x0000000002016918     0x1b6c d:/devkitpro/devkitarm/bin/../lib/gcc/arm-none-eabi/10.2.0/../../../../arm-none-eabi/lib/thumb\libg.a(lib_a-svfiscanf.o)
                0x0000000002016918                __ssvfiscanf_r
 .text.get_arg  0x0000000002018484      0x3f0 d:/devkitpro/devkitarm/bin/../lib/gcc/arm-none-eabi/10.2.0/../../../../arm-none-eabi/lib/thumb\libg.a(lib_a-svfprintf.o)
 .text._svfprintf_r
                0x0000000002018874     0x2498 d:/devkitpro/devkitarm/bin/../lib/gcc/arm-none-eabi/10.2.0/../../../../arm-none-eabi/lib/thumb\libg.a(lib_a-svfprintf.o)
                0x0000000002018874                _svfprintf_r
 .text.lseek    0x000000000201ad0c       0x24 d:/devkitpro/devkitarm/bin/../lib/gcc/arm-none-eabi/10.2.0/../../../../arm-none-eabi/lib/thumb\libg.a(lib_a-syslseek.o)
                0x000000000201ad0c                lseek
 .text.open     0x000000000201ad30       0x28 d:/devkitpro/devkitarm/bin/../lib/gcc/arm-none-eabi/10.2.0/../../../../arm-none-eabi/lib/thumb\libg.a(lib_a-sysopen.o)
                0x000000000201ad30                open
 .text.read     0x000000000201ad58       0x1c d:/devkitpro/devkitarm/bin/../lib/gcc/arm-none-eabi/10.2.0/../../../../arm-none-eabi/lib/thumb\libg.a(lib_a-sysread.o)
                0x000000000201ad58                read
 .text.time     0x000000000201ad74       0x34 d:/devkitpro/devkitarm/bin/../lib/gcc/arm-none-eabi/10.2.0/../../../../arm-none-eabi/lib/thumb\libg.a(lib_a-time.o)
                0x000000000201ad74                time
 .text.towlower
                0x000000000201ada8       0x10 d:/devkitpro/devkitarm/bin/../lib/gcc/arm-none-eabi/10.2.0/../../../../arm-none-eabi/lib/thumb\libg.a(lib_a-towlower.o)
                0x000000000201ada8                towlower
 .text.towupper
                0x000000000201adb8       0x10 d:/devkitpro/devkitarm/bin/../lib/gcc/arm-none-eabi/10.2.0/../../../../arm-none-eabi/lib/thumb\libg.a(lib_a-towupper.o)
                0x000000000201adb8                towupper
 .text.__tzcalc_limits
                0x000000000201adc8      0x1a8 d:/devkitpro/devkitarm/bin/../lib/gcc/arm-none-eabi/10.2.0/../../../../arm-none-eabi/lib/thumb\libg.a(lib_a-tzcalc_limits.o)
                0x000000000201adc8                __tzcalc_limits
 .text.__tz_lock
                0x000000000201af70       0x14 d:/devkitpro/devkitarm/bin/../lib/gcc/arm-none-eabi/10.2.0/../../../../arm-none-eabi/lib/thumb\libg.a(lib_a-tzlock.o)
                0x000000000201af70                __tz_lock
 .text.__tz_unlock
                0x000000000201af84       0x14 d:/devkitpro/devkitarm/bin/../lib/gcc/arm-none-eabi/10.2.0/../../../../arm-none-eabi/lib/thumb\libg.a(lib_a-tzlock.o)
                0x000000000201af84                __tz_unlock
 .text._tzset_unlocked
                0x000000000201af98       0x10 d:/devkitpro/devkitarm/bin/../lib/gcc/arm-none-eabi/10.2.0/../../../../arm-none-eabi/lib/thumb\libg.a(lib_a-tzset.o)
                0x000000000201af98                _tzset_unlocked
 .text._tzset_unlocked_r
                0x000000000201afa8      0x360 d:/devkitpro/devkitarm/bin/../lib/gcc/arm-none-eabi/10.2.0/../../../../arm-none-eabi/lib/thumb\libg.a(lib_a-tzset_r.o)
                0x000000000201afa8                _tzset_unlocked_r
 .text.__submore
                0x000000000201b308       0x88 d:/devkitpro/devkitarm/bin/../lib/gcc/arm-none-eabi/10.2.0/../../../../arm-none-eabi/lib/thumb\libg.a(lib_a-ungetc.o)
                0x000000000201b308                __submore
 .text.get_arg  0x000000000201b390      0x3f0 d:/devkitpro/devkitarm/bin/../lib/gcc/arm-none-eabi/10.2.0/../../../../arm-none-eabi/lib/thumb\libg.a(lib_a-vfiprintf.o)
 .text.__sprint_r
                0x000000000201b780       0x20 d:/devkitpro/devkitarm/bin/../lib/gcc/arm-none-eabi/10.2.0/../../../../arm-none-eabi/lib/thumb\libg.a(lib_a-vfiprintf.o)
                0x000000000201b780                __sprint_r
 .text._vfiprintf_r
                0x000000000201b7a0     0x1800 d:/devkitpro/devkitarm/bin/../lib/gcc/arm-none-eabi/10.2.0/../../../../arm-none-eabi/lib/thumb\libg.a(lib_a-vfiprintf.o)
                0x000000000201b7a0                _vfiprintf_r
 .text.__sbprintf
                0x000000000201cfa0       0x8c d:/devkitpro/devkitarm/bin/../lib/gcc/arm-none-eabi/10.2.0/../../../../arm-none-eabi/lib/thumb\libg.a(lib_a-vfiprintf.o)
 .text._wcrtomb_r
                0x000000000201d02c       0x5c d:/devkitpro/devkitarm/bin/../lib/gcc/arm-none-eabi/10.2.0/../../../../arm-none-eabi/lib/thumb\libg.a(lib_a-wcrtomb.o)
                0x000000000201d02c                _wcrtomb_r
 .text.wcrtomb  0x000000000201d088       0x74 d:/devkitpro/devkitarm/bin/../lib/gcc/arm-none-eabi/10.2.0/../../../../arm-none-eabi/lib/thumb\libg.a(lib_a-wcrtomb.o)
                0x000000000201d088                wcrtomb
 .text._wcsrtombs_r
                0x000000000201d0fc       0x1c d:/devkitpro/devkitarm/bin/../lib/gcc/arm-none-eabi/10.2.0/../../../../arm-none-eabi/lib/thumb\libg.a(lib_a-wcsrtombs.o)
                0x000000000201d0fc                _wcsrtombs_r
 .text.wctob    0x000000000201d118       0x48 d:/devkitpro/devkitarm/bin/../lib/gcc/arm-none-eabi/10.2.0/../../../../arm-none-eabi/lib/thumb\libg.a(lib_a-wctob.o)
                0x000000000201d118                wctob
 .text.__utf8_wctomb
                0x000000000201d160       0xb4 d:/devkitpro/devkitarm/bin/../lib/gcc/arm-none-eabi/10.2.0/../../../../arm-none-eabi/lib/thumb\libg.a(lib_a-wctomb_r.o)
                0x000000000201d160                __utf8_wctomb
 .text.__swsetup_r
                0x000000000201d214       0xe4 d:/devkitpro/devkitarm/bin/../lib/gcc/arm-none-eabi/10.2.0/../../../../arm-none-eabi/lib/thumb\libg.a(lib_a-wsetup.o)
                0x000000000201d214                __swsetup_r
 .text.div      0x000000000201d2f8       0x34 d:/devkitpro/devkitarm/bin/../lib/gcc/arm-none-eabi/10.2.0/../../../../arm-none-eabi/lib/thumb\libg.a(lib_a-div.o)
                0x000000000201d2f8                div
 .text.quorem   0x000000000201d32c      0x14c d:/devkitpro/devkitarm/bin/../lib/gcc/arm-none-eabi/10.2.0/../../../../arm-none-eabi/lib/thumb\libg.a(lib_a-dtoa.o)
 .text._dtoa_r  0x000000000201d478      0xff0 d:/devkitpro/devkitarm/bin/../lib/gcc/arm-none-eabi/10.2.0/../../../../arm-none-eabi/lib/thumb\libg.a(lib_a-dtoa.o)
                0x000000000201d478                _dtoa_r
 .text.__errno  0x000000000201e468        0xc d:/devkitpro/devkitarm/bin/../lib/gcc/arm-none-eabi/10.2.0/../../../../arm-none-eabi/lib/thumb\libg.a(lib_a-errno.o)
                0x000000000201e468                __errno
 .text.__sflags
                0x000000000201e474       0xa4 d:/devkitpro/devkitarm/bin/../lib/gcc/arm-none-eabi/10.2.0/../../../../arm-none-eabi/lib/thumb\libg.a(lib_a-flags.o)
                0x000000000201e474                __sflags
 .text.__sfvwrite_r
                0x000000000201e518      0x324 d:/devkitpro/devkitarm/bin/../lib/gcc/arm-none-eabi/10.2.0/../../../../arm-none-eabi/lib/thumb\libg.a(lib_a-fvwrite.o)
                0x000000000201e518                __sfvwrite_r
 .text._findenv_r
                0x000000000201e83c       0x94 d:/devkitpro/devkitarm/bin/../lib/gcc/arm-none-eabi/10.2.0/../../../../arm-none-eabi/lib/thumb\libg.a(lib_a-getenv_r.o)
                0x000000000201e83c                _findenv_r
 .text._getenv_r
                0x000000000201e8d0       0x10 d:/devkitpro/devkitarm/bin/../lib/gcc/arm-none-eabi/10.2.0/../../../../arm-none-eabi/lib/thumb\libg.a(lib_a-getenv_r.o)
                0x000000000201e8d0                _getenv_r
 .text.__gettzinfo
                0x000000000201e8e0        0x8 d:/devkitpro/devkitarm/bin/../lib/gcc/arm-none-eabi/10.2.0/../../../../arm-none-eabi/lib/thumb\libg.a(lib_a-gettzinfo.o)
                0x000000000201e8e0                __gettzinfo
 .text.gmtime_r
                0x000000000201e8e8      0x1d8 d:/devkitpro/devkitarm/bin/../lib/gcc/arm-none-eabi/10.2.0/../../../../arm-none-eabi/lib/thumb\libg.a(lib_a-gmtime_r.o)
                0x000000000201e8e8                gmtime_r
 .text.iswspace
                0x000000000201eac0       0x10 d:/devkitpro/devkitarm/bin/../lib/gcc/arm-none-eabi/10.2.0/../../../../arm-none-eabi/lib/thumb\libg.a(lib_a-iswspace.o)
                0x000000000201eac0                iswspace
 .text._localeconv_r
                0x000000000201ead0        0x8 d:/devkitpro/devkitarm/bin/../lib/gcc/arm-none-eabi/10.2.0/../../../../arm-none-eabi/lib/thumb\libg.a(lib_a-localeconv.o)
                0x000000000201ead0                _localeconv_r
 .text._mbsnrtowcs_r
                0x000000000201ead8       0xc0 d:/devkitpro/devkitarm/bin/../lib/gcc/arm-none-eabi/10.2.0/../../../../arm-none-eabi/lib/thumb\libg.a(lib_a-mbsnrtowcs.o)
                0x000000000201ead8                _mbsnrtowcs_r
 .text.memchr   0x000000000201eb98       0x78 d:/devkitpro/devkitarm/bin/../lib/gcc/arm-none-eabi/10.2.0/../../../../arm-none-eabi/lib/thumb\libg.a(lib_a-memchr-stub.o)
                0x000000000201eb98                memchr
 .text._Balloc  0x000000000201ec10       0x54 d:/devkitpro/devkitarm/bin/../lib/gcc/arm-none-eabi/10.2.0/../../../../arm-none-eabi/lib/thumb\libg.a(lib_a-mprec.o)
                0x000000000201ec10                _Balloc
 .text._Bfree   0x000000000201ec64       0x14 d:/devkitpro/devkitarm/bin/../lib/gcc/arm-none-eabi/10.2.0/../../../../arm-none-eabi/lib/thumb\libg.a(lib_a-mprec.o)
                0x000000000201ec64                _Bfree
 .text.__multadd
                0x000000000201ec78       0xac d:/devkitpro/devkitarm/bin/../lib/gcc/arm-none-eabi/10.2.0/../../../../arm-none-eabi/lib/thumb\libg.a(lib_a-mprec.o)
                0x000000000201ec78                __multadd
 .text.__hi0bits
                0x000000000201ed24       0x38 d:/devkitpro/devkitarm/bin/../lib/gcc/arm-none-eabi/10.2.0/../../../../arm-none-eabi/lib/thumb\libg.a(lib_a-mprec.o)
                0x000000000201ed24                __hi0bits
 .text.__lo0bits
                0x000000000201ed5c       0x5c d:/devkitpro/devkitarm/bin/../lib/gcc/arm-none-eabi/10.2.0/../../../../arm-none-eabi/lib/thumb\libg.a(lib_a-mprec.o)
                0x000000000201ed5c                __lo0bits
 .text.__i2b    0x000000000201edb8       0x64 d:/devkitpro/devkitarm/bin/../lib/gcc/arm-none-eabi/10.2.0/../../../../arm-none-eabi/lib/thumb\libg.a(lib_a-mprec.o)
                0x000000000201edb8                __i2b
 .text.__multiply
                0x000000000201ee1c      0x1a8 d:/devkitpro/devkitarm/bin/../lib/gcc/arm-none-eabi/10.2.0/../../../../arm-none-eabi/lib/thumb\libg.a(lib_a-mprec.o)
                0x000000000201ee1c                __multiply
 .text.__pow5mult
                0x000000000201efc4       0xdc d:/devkitpro/devkitarm/bin/../lib/gcc/arm-none-eabi/10.2.0/../../../../arm-none-eabi/lib/thumb\libg.a(lib_a-mprec.o)
                0x000000000201efc4                __pow5mult
 .text.__lshift
                0x000000000201f0a0      0x100 d:/devkitpro/devkitarm/bin/../lib/gcc/arm-none-eabi/10.2.0/../../../../arm-none-eabi/lib/thumb\libg.a(lib_a-mprec.o)
                0x000000000201f0a0                __lshift
 .text.__mcmp   0x000000000201f1a0       0x38 d:/devkitpro/devkitarm/bin/../lib/gcc/arm-none-eabi/10.2.0/../../../../arm-none-eabi/lib/thumb\libg.a(lib_a-mprec.o)
                0x000000000201f1a0                __mcmp
 .text.__mdiff  0x000000000201f1d8      0x190 d:/devkitpro/devkitarm/bin/../lib/gcc/arm-none-eabi/10.2.0/../../../../arm-none-eabi/lib/thumb\libg.a(lib_a-mprec.o)
                0x000000000201f1d8                __mdiff
 .text.__d2b    0x000000000201f368       0xdc d:/devkitpro/devkitarm/bin/../lib/gcc/arm-none-eabi/10.2.0/../../../../arm-none-eabi/lib/thumb\libg.a(lib_a-mprec.o)
                0x000000000201f368                __d2b
 .text.__sccl   0x000000000201f444       0x90 d:/devkitpro/devkitarm/bin/../lib/gcc/arm-none-eabi/10.2.0/../../../../arm-none-eabi/lib/thumb\libg.a(lib_a-sccl.o)
                0x000000000201f444                __sccl
 .text.frexp    0x000000000201f4d4       0x68 d:/devkitpro/devkitarm/bin/../lib/gcc/arm-none-eabi/10.2.0/../../../../arm-none-eabi/lib/thumb\libg.a(lib_a-s_frexp.o)
                0x000000000201f4d4                frexp
 .text._strtoll_l.constprop.0
                0x000000000201f53c      0x1ac d:/devkitpro/devkitarm/bin/../lib/gcc/arm-none-eabi/10.2.0/../../../../arm-none-eabi/lib/thumb\libg.a(lib_a-strtoll.o)
 .text._strtoll_r
                0x000000000201f6e8        0xc d:/devkitpro/devkitarm/bin/../lib/gcc/arm-none-eabi/10.2.0/../../../../arm-none-eabi/lib/thumb\libg.a(lib_a-strtoll.o)
                0x000000000201f6e8                _strtoll_r
 .text._strtoull_l.constprop.0
                0x000000000201f6f4      0x1c8 d:/devkitpro/devkitarm/bin/../lib/gcc/arm-none-eabi/10.2.0/../../../../arm-none-eabi/lib/thumb\libg.a(lib_a-strtoull.o)
 .text._strtoull_r
                0x000000000201f8bc        0xc d:/devkitpro/devkitarm/bin/../lib/gcc/arm-none-eabi/10.2.0/../../../../arm-none-eabi/lib/thumb\libg.a(lib_a-strtoull.o)
                0x000000000201f8bc                _strtoull_r
 .text._strtoul_l.constprop.0
                0x000000000201f8c8      0x148 d:/devkitpro/devkitarm/bin/../lib/gcc/arm-none-eabi/10.2.0/../../../../arm-none-eabi/lib/thumb\libg.a(lib_a-strtoul.o)
 .text._strtoul_r
                0x000000000201fa10        0xc d:/devkitpro/devkitarm/bin/../lib/gcc/arm-none-eabi/10.2.0/../../../../arm-none-eabi/lib/thumb\libg.a(lib_a-strtoul.o)
                0x000000000201fa10                _strtoul_r
 .text.strtoul  0x000000000201fa1c       0x1c d:/devkitpro/devkitarm/bin/../lib/gcc/arm-none-eabi/10.2.0/../../../../arm-none-eabi/lib/thumb\libg.a(lib_a-strtoul.o)
                0x000000000201fa1c                strtoul
 .text.__ssprint_r
                0x000000000201fa38      0x124 d:/devkitpro/devkitarm/bin/../lib/gcc/arm-none-eabi/10.2.0/../../../../arm-none-eabi/lib/thumb\libg.a(lib_a-svfiprintf.o)
                0x000000000201fa38                __ssprint_r
 .text.towctrans
                0x000000000201fb5c       0x28 d:/devkitpro/devkitarm/bin/../lib/gcc/arm-none-eabi/10.2.0/../../../../arm-none-eabi/lib/thumb\libg.a(lib_a-towctrans.o)
                0x000000000201fb5c                towctrans
 .text._wcsnrtombs_l
                0x000000000201fb84      0x138 d:/devkitpro/devkitarm/bin/../lib/gcc/arm-none-eabi/10.2.0/../../../../arm-none-eabi/lib/thumb\libg.a(lib_a-wcsnrtombs.o)
                0x000000000201fb84                _wcsnrtombs_l
 .text._wcsnrtombs_r
                0x000000000201fcbc       0x30 d:/devkitpro/devkitarm/bin/../lib/gcc/arm-none-eabi/10.2.0/../../../../arm-none-eabi/lib/thumb\libg.a(lib_a-wcsnrtombs.o)
                0x000000000201fcbc                _wcsnrtombs_r
 .text.__assert_func
                0x000000000201fcec       0x40 d:/devkitpro/devkitarm/bin/../lib/gcc/arm-none-eabi/10.2.0/../../../../arm-none-eabi/lib/thumb\libg.a(lib_a-assert.o)
                0x000000000201fcec                __assert_func
 .text.__env_lock
                0x000000000201fd2c       0x14 d:/devkitpro/devkitarm/bin/../lib/gcc/arm-none-eabi/10.2.0/../../../../arm-none-eabi/lib/thumb\libg.a(lib_a-envlock.o)
                0x000000000201fd2c                __env_lock
 .text.__env_unlock
                0x000000000201fd40       0x14 d:/devkitpro/devkitarm/bin/../lib/gcc/arm-none-eabi/10.2.0/../../../../arm-none-eabi/lib/thumb\libg.a(lib_a-envlock.o)
                0x000000000201fd40                __env_unlock
 .text.fiprintf
                0x000000000201fd54       0x28 d:/devkitpro/devkitarm/bin/../lib/gcc/arm-none-eabi/10.2.0/../../../../arm-none-eabi/lib/thumb\libg.a(lib_a-fiprintf.o)
                0x000000000201fd54                fiprintf
 .text.iswspace_l
                0x000000000201fd7c       0x2c d:/devkitpro/devkitarm/bin/../lib/gcc/arm-none-eabi/10.2.0/../../../../arm-none-eabi/lib/thumb\libg.a(lib_a-iswspace_l.o)
                0x000000000201fd7c                iswspace_l
 .text.__jp2uc  0x000000000201fda8      0x164 d:/devkitpro/devkitarm/bin/../lib/gcc/arm-none-eabi/10.2.0/../../../../arm-none-eabi/lib/thumb\libg.a(lib_a-jp2uc.o)
 .text._jp2uc_l
                0x000000000201ff0c       0x6c d:/devkitpro/devkitarm/bin/../lib/gcc/arm-none-eabi/10.2.0/../../../../arm-none-eabi/lib/thumb\libg.a(lib_a-jp2uc.o)
                0x000000000201ff0c                _jp2uc_l
 .text._uc2jp_l
                0x000000000201ff78       0x4c d:/devkitpro/devkitarm/bin/../lib/gcc/arm-none-eabi/10.2.0/../../../../arm-none-eabi/lib/thumb\libg.a(lib_a-jp2uc.o)
                0x000000000201ff78                _uc2jp_l
 .text.towctrans_l
                0x000000000201ffc4      0x1b4 d:/devkitpro/devkitarm/bin/../lib/gcc/arm-none-eabi/10.2.0/../../../../arm-none-eabi/lib/thumb\libg.a(lib_a-towctrans_l.o)
                0x000000000201ffc4                towctrans_l
 .text.abort    0x0000000002020178       0x10 d:/devkitpro/devkitarm/bin/../lib/gcc/arm-none-eabi/10.2.0/../../../../arm-none-eabi/lib/thumb\libg.a(lib_a-abort.o)
                0x0000000002020178                abort
 .text.category
                0x0000000002020188       0x54 d:/devkitpro/devkitarm/bin/../lib/gcc/arm-none-eabi/10.2.0/../../../../arm-none-eabi/lib/thumb\libg.a(lib_a-categories.o)
                0x0000000002020188                category
 .text._raise_r
                0x00000000020201dc       0x64 d:/devkitpro/devkitarm/bin/../lib/gcc/arm-none-eabi/10.2.0/../../../../arm-none-eabi/lib/thumb\libg.a(lib_a-signal.o)
                0x00000000020201dc                _raise_r
 .text.raise    0x0000000002020240       0x14 d:/devkitpro/devkitarm/bin/../lib/gcc/arm-none-eabi/10.2.0/../../../../arm-none-eabi/lib/thumb\libg.a(lib_a-signal.o)
                0x0000000002020240                raise
 .text.null_write
                0x0000000002020254        0x4 d:/devkitpro/devkitarm/bin/../lib/gcc/arm-none-eabi/10.2.0/../../../../arm-none-eabi/lib/thumb\libsysbase.a(iosupport.o)
 .text.setDefaultDevice
                0x0000000002020258       0x10 d:/devkitpro/devkitarm/bin/../lib/gcc/arm-none-eabi/10.2.0/../../../../arm-none-eabi/lib/thumb\libsysbase.a(iosupport.o)
                0x0000000002020258                setDefaultDevice
 .text.FindDevice
                0x0000000002020268       0x98 d:/devkitpro/devkitarm/bin/../lib/gcc/arm-none-eabi/10.2.0/../../../../arm-none-eabi/lib/thumb\libsysbase.a(iosupport.o)
                0x0000000002020268                FindDevice
 .text.AddDevice
                0x0000000002020300       0x78 d:/devkitpro/devkitarm/bin/../lib/gcc/arm-none-eabi/10.2.0/../../../../arm-none-eabi/lib/thumb\libsysbase.a(iosupport.o)
                0x0000000002020300                AddDevice
 .text.GetDeviceOpTab
                0x0000000002020378       0x20 d:/devkitpro/devkitarm/bin/../lib/gcc/arm-none-eabi/10.2.0/../../../../arm-none-eabi/lib/thumb\libsysbase.a(iosupport.o)
                0x0000000002020378                GetDeviceOpTab
 .text._fstat_r
                0x0000000002020398       0x4c d:/devkitpro/devkitarm/bin/../lib/gcc/arm-none-eabi/10.2.0/../../../../arm-none-eabi/lib/thumb\libsysbase.a(fstat.o)
                0x0000000002020398                _fstat_r
 .text._getpid_r
                0x00000000020203e4        0xc d:/devkitpro/devkitarm/bin/../lib/gcc/arm-none-eabi/10.2.0/../../../../arm-none-eabi/lib/thumb\libsysbase.a(getpid.o)
                0x00000000020203e4                _getpid_r
 .text._gettimeofday_r
                0x00000000020203f0       0x28 d:/devkitpro/devkitarm/bin/../lib/gcc/arm-none-eabi/10.2.0/../../../../arm-none-eabi/lib/thumb\libsysbase.a(gettod.o)
                0x00000000020203f0                _gettimeofday_r
 .text._isatty_r
                0x0000000002020418        0x4 d:/devkitpro/devkitarm/bin/../lib/gcc/arm-none-eabi/10.2.0/../../../../arm-none-eabi/lib/thumb\libsysbase.a(isatty.o)
                0x0000000002020418                _isatty_r
 .text._kill_r  0x000000000202041c        0xc d:/devkitpro/devkitarm/bin/../lib/gcc/arm-none-eabi/10.2.0/../../../../arm-none-eabi/lib/thumb\libsysbase.a(kill.o)
                0x000000000202041c                _kill_r
 .text._lseek_r
                0x0000000002020428       0x5c d:/devkitpro/devkitarm/bin/../lib/gcc/arm-none-eabi/10.2.0/../../../../arm-none-eabi/lib/thumb\libsysbase.a(lseek.o)
                0x0000000002020428                _lseek_r
 .text._open_r  0x0000000002020484       0x9c d:/devkitpro/devkitarm/bin/../lib/gcc/arm-none-eabi/10.2.0/../../../../arm-none-eabi/lib/thumb\libsysbase.a(open.o)
                0x0000000002020484                _open_r
 .text._read_r  0x0000000002020520       0x50 d:/devkitpro/devkitarm/bin/../lib/gcc/arm-none-eabi/10.2.0/../../../../arm-none-eabi/lib/thumb\libsysbase.a(read.o)
                0x0000000002020520                _read_r
 .text._sbrk_r  0x0000000002020570       0x54 d:/devkitpro/devkitarm/bin/../lib/gcc/arm-none-eabi/10.2.0/../../../../arm-none-eabi/lib/thumb\libsysbase.a(sbrk.o)
                0x0000000002020570                _sbrk_r
 .text._write_r
                0x00000000020205c4       0x50 d:/devkitpro/devkitarm/bin/../lib/gcc/arm-none-eabi/10.2.0/../../../../arm-none-eabi/lib/thumb\libsysbase.a(write.o)
                0x00000000020205c4                _write_r
 .text._exit    0x0000000002020614       0x18 d:/devkitpro/devkitarm/bin/../lib/gcc/arm-none-eabi/10.2.0/../../../../arm-none-eabi/lib/thumb\libsysbase.a(_exit.o)
                0x0000000002020614                _exit
 .text._concatenate_path
                0x000000000202062c      0x128 d:/devkitpro/devkitarm/bin/../lib/gcc/arm-none-eabi/10.2.0/../../../../arm-none-eabi/lib/thumb\libsysbase.a(chdir.o)
                0x000000000202062c                _concatenate_path
 .text.chdir    0x0000000002020754       0xec d:/devkitpro/devkitarm/bin/../lib/gcc/arm-none-eabi/10.2.0/../../../../arm-none-eabi/lib/thumb\libsysbase.a(chdir.o)
                0x0000000002020754                chdir
 .text.getcwd   0x0000000002020840       0x60 d:/devkitpro/devkitarm/bin/../lib/gcc/arm-none-eabi/10.2.0/../../../../arm-none-eabi/lib/thumb\libsysbase.a(chdir.o)
                0x0000000002020840                getcwd
 .text.build_argv
                0x00000000020208a0       0x4c d:/devkitpro/devkitarm/bin/../lib/gcc/arm-none-eabi/10.2.0/../../../../arm-none-eabi/lib/thumb\libsysbase.a(build_argv.o)
                0x00000000020208a0                build_argv
 .text.__flockfile
                0x00000000020208ec       0x10 d:/devkitpro/devkitarm/bin/../lib/gcc/arm-none-eabi/10.2.0/../../../../arm-none-eabi/lib/thumb\libsysbase.a(flock.o)
                0x00000000020208ec                __flockfile
 .text.__funlockfile
                0x00000000020208fc       0x10 d:/devkitpro/devkitarm/bin/../lib/gcc/arm-none-eabi/10.2.0/../../../../arm-none-eabi/lib/thumb\libsysbase.a(flock.o)
                0x00000000020208fc                __funlockfile
 .text.__libc_lock_acquire
                0x000000000202090c       0x1c d:/devkitpro/devkitarm/bin/../lib/gcc/arm-none-eabi/10.2.0/../../../../arm-none-eabi/lib/thumb\libsysbase.a(syscall_support.o)
                0x000000000202090c                __libc_lock_acquire
 .text.__libc_lock_release
                0x0000000002020928       0x1c d:/devkitpro/devkitarm/bin/../lib/gcc/arm-none-eabi/10.2.0/../../../../arm-none-eabi/lib/thumb\libsysbase.a(syscall_support.o)
                0x0000000002020928                __libc_lock_release
 .text.__libc_lock_init_recursive
                0x0000000002020944       0x1c d:/devkitpro/devkitarm/bin/../lib/gcc/arm-none-eabi/10.2.0/../../../../arm-none-eabi/lib/thumb\libsysbase.a(syscall_support.o)
                0x0000000002020944                __libc_lock_init_recursive
 .text.__libc_lock_acquire_recursive
                0x0000000002020960       0x1c d:/devkitpro/devkitarm/bin/../lib/gcc/arm-none-eabi/10.2.0/../../../../arm-none-eabi/lib/thumb\libsysbase.a(syscall_support.o)
                0x0000000002020960                __libc_lock_acquire_recursive
 .text.__libc_lock_release_recursive
                0x000000000202097c       0x1c d:/devkitpro/devkitarm/bin/../lib/gcc/arm-none-eabi/10.2.0/../../../../arm-none-eabi/lib/thumb\libsysbase.a(syscall_support.o)
                0x000000000202097c                __libc_lock_release_recursive
 .text.__libc_lock_close_recursive
                0x0000000002020998       0x1c d:/devkitpro/devkitarm/bin/../lib/gcc/arm-none-eabi/10.2.0/../../../../arm-none-eabi/lib/thumb\libsysbase.a(syscall_support.o)
                0x0000000002020998                __libc_lock_close_recursive
 .text.__release_handle
                0x00000000020209b4       0x68 d:/devkitpro/devkitarm/bin/../lib/gcc/arm-none-eabi/10.2.0/../../../../arm-none-eabi/lib/thumb\libsysbase.a(handle_manager.o)
                0x00000000020209b4                __release_handle
 .text.__alloc_handle
                0x0000000002020a1c       0x80 d:/devkitpro/devkitarm/bin/../lib/gcc/arm-none-eabi/10.2.0/../../../../arm-none-eabi/lib/thumb\libsysbase.a(handle_manager.o)
                0x0000000002020a1c                __alloc_handle
 .text.__get_handle
                0x0000000002020a9c       0x34 d:/devkitpro/devkitarm/bin/../lib/gcc/arm-none-eabi/10.2.0/../../../../arm-none-eabi/lib/thumb\libsysbase.a(handle_manager.o)
                0x0000000002020a9c                __get_handle
 .text._close_r
                0x0000000002020ad0       0xb8 d:/devkitpro/devkitarm/bin/../lib/gcc/arm-none-eabi/10.2.0/../../../../arm-none-eabi/lib/thumb\libsysbase.a(handle_manager.o)
                0x0000000002020ad0                _close_r
 .text.__getreent
                0x0000000002020b88       0x28 d:/devkitpro/devkitarm/bin/../lib/gcc/arm-none-eabi/10.2.0/../../../../arm-none-eabi/lib/thumb\libsysbase.a(getreent.o)
                0x0000000002020b88                __getreent
 .text.__getreent.__stub
                0x0000000002020bb0      0x108 linker stubs
 *(EXCLUDE_FILE(*.twl*) .gnu.warning)
 *(EXCLUDE_FILE(*.twl*) .gnu.linkonce.t*)
 *(.glue_7)
 .glue_7        0x0000000002020cc8        0x0 linker stubs
 *(.glue_7t)
 .glue_7t       0x0000000002020cc8        0x0 linker stubs
                0x0000000002020cc8                . = ALIGN (0x4)

.vfp11_veneer   0x0000000002020cc8        0x0
 .vfp11_veneer  0x0000000002020cc8        0x0 linker stubs

.v4_bx          0x0000000002020cc8        0x0
 .v4_bx         0x0000000002020cc8        0x0 linker stubs

.iplt           0x0000000002020cc8        0x0
 .iplt          0x0000000002020cc8        0x0 d:/devkitpro/devkitarm/bin/../lib/gcc/arm-none-eabi/10.2.0/../../../../arm-none-eabi/lib/thumb/ds_arm9_crt0.o

.fini           0x0000000002020cc8        0xc
 *(.fini)
 .fini          0x0000000002020cc8        0x4 d:/devkitpro/devkitarm/bin/../lib/gcc/arm-none-eabi/10.2.0/thumb/crti.o
                0x0000000002020cc8                _fini
 .fini          0x0000000002020ccc        0x8 d:/devkitpro/devkitarm/bin/../lib/gcc/arm-none-eabi/10.2.0/thumb/crtn.o
                0x0000000002020cd4                __text_end = .

.rodata         0x0000000002020ce0     0x9be0
 *(EXCLUDE_FILE(*.twl*) .rodata)
 .rodata        0x0000000002020ce0       0x50 D:/devkitPro/libnds/lib\libnflib.a(nf_basic.o)
 .rodata        0x0000000002020d30       0x24 D:/devkitPro/libnds/lib\libnds9.a(videoGL.o)
 *all.rodata*(*)
 *(EXCLUDE_FILE(*.twl*) .roda)
 *(EXCLUDE_FILE(*.twl*) .rodata.*)
 .rodata._ZN6Player4InitEv.str1.4
                0x0000000002020d54       0x17 main.o
 *fill*         0x0000000002020d6b        0x1 ff
 .rodata.str1.4
                0x0000000002020d6c       0x33 main.o
 *fill*         0x0000000002020d9f        0x1 ff
 .rodata._ZTV6Player
                0x0000000002020da0       0x14 main.o
                0x0000000002020da0                vtable for Player
 .rodata.str1.4
                0x0000000002020db4       0x27 D:/devkitPro/libnds/lib\libnflib.a(nf_2d.o)
 *fill*         0x0000000002020ddb        0x1 ff
 .rodata.str1.4
                0x0000000002020ddc      0x613 D:/devkitPro/libnds/lib\libnflib.a(nf_basic.o)
                                        0x627 (size before relaxing)
 *fill*         0x00000000020213ef        0x1 ff
 .rodata.str1.4
                0x00000000020213f0       0x70 D:/devkitPro/libnds/lib\libnflib.a(nf_sprite256.o)
                                         0x7b (size before relaxing)
 .rodata.str1.4
                0x0000000002021460       0x4c D:/devkitPro/libnds/lib\libnflib.a(nf_tiledbg.o)
                                         0x6c (size before relaxing)
 .rodata.nitroFSInit.str1.4
                0x00000000020214ac        0x8 D:/devkitPro/libnds/lib\libfilesystem.a(nitrofs.o)
 .rodata.str1.4
                0x00000000020214ac        0xa D:/devkitPro/libnds/lib\libfilesystem.a(nitrofs.o)
                                          0xe (size before relaxing)
 *fill*         0x00000000020214b6        0x2 ff
 .rodata.fatMount.part.0.str1.4
                0x00000000020214b8        0x2 D:/devkitPro/libnds/lib\libfat.a(libfat.o)
 *fill*         0x00000000020214ba        0x2 ff
 .rodata.fatInit.str1.4
                0x00000000020214bc        0x3 D:/devkitPro/libnds/lib\libfat.a(libfat.o)
 *fill*         0x00000000020214bf        0x1 ff
 .rodata.str1.4
                0x00000000020214c0        0x4 D:/devkitPro/libnds/lib\libfat.a(libfat.o)
 .rodata.dotab_fat
                0x00000000020214c4       0x70 D:/devkitPro/libnds/lib\libfat.a(libfat.o)
 .rodata.str1.4
                0x0000000002021534        0x3 D:/devkitPro/libnds/lib\libfat.a(disc.o)
                                          0x8 (size before relaxing)
 *fill*         0x0000000002021537        0x1 ff
 .rodata._FAT_disc_interfaces
                0x0000000002021538       0x18 D:/devkitPro/libnds/lib\libfat.a(disc.o)
                0x0000000002021538                _FAT_disc_interfaces
 .rodata._FAT_directory_entryFromPath.str1.4
                0x0000000002021550        0x7 D:/devkitPro/libnds/lib\libfat.a(directory.o)
 .rodata.ILLEGAL_ALIAS_CHARACTERS
                0x0000000002021550       0x12 D:/devkitPro/libnds/lib\libfat.a(directory.o)
 *fill*         0x0000000002021562        0x2 ff
 .rodata.ILLEGAL_LFN_CHARACTERS
                0x0000000002021564        0xa D:/devkitPro/libnds/lib\libfat.a(directory.o)
 *fill*         0x000000000202156e        0x2 ff
 .rodata.LFN_offset_table
                0x0000000002021570       0x34 D:/devkitPro/libnds/lib\libfat.a(directory.o)
 .rodata.FAT_SIG
                0x00000000020215a4        0x3 D:/devkitPro/libnds/lib\libfat.a(partition.o)
 *fill*         0x00000000020215a7        0x1 ff
 .rodata.FS_TWL_SIG
                0x00000000020215a8        0x8 D:/devkitPro/libnds/lib\libfat.a(partition.o)
 .rodata.con_write.str1.4
                0x00000000020215b0       0x30 D:/devkitPro/libnds/lib\libnds9.a(console.o)
 .rodata.con_write
                0x00000000020215e0       0xd4 D:/devkitPro/libnds/lib\libnds9.a(console.o)
 .rodata.consoleClear.str1.4
                0x00000000020216b4        0x5 D:/devkitPro/libnds/lib\libnds9.a(console.o)
 *fill*         0x00000000020216b9        0x3 ff
 .rodata.str1.4
                0x00000000020216bc       0x14 D:/devkitPro/libnds/lib\libnds9.a(console.o)
 .rodata.dotab_stdout
                0x00000000020216d0       0x70 D:/devkitPro/libnds/lib\libnds9.a(console.o)
 .rodata.SIN_LUT
                0x0000000002021740      0x102 D:/devkitPro/libnds/lib\libnds9.a(trig.o)
                0x0000000002021740                SIN_LUT
 *fill*         0x0000000002021842        0x2 ff
 .rodata.TAN_LUT
                0x0000000002021844      0x204 D:/devkitPro/libnds/lib\libnds9.a(trig.o)
                0x0000000002021844                TAN_LUT
 .rodata.glMaterialf
                0x0000000002021a48       0x44 D:/devkitPro/libnds/lib\libnds9.a(videoGL.o)
 *fill*         0x0000000002021a8c       0x14 ff
 .rodata.default_font_bin
                0x0000000002021aa0     0x2000 D:/devkitPro/libnds/lib\libnds9.a(default_font.bin.o)
                0x0000000002021aa0                default_font_bin
                0x0000000002023aa0                default_font_bin_end